// Jest Snapshot v1, https://goo.gl/fbAQLP

exports[`snapshots 1`] = `
<div
  className="InlineStudentProfile"
  style={
    Object {
      "margin": 20,
    }
  }
>
  <h4>
    <a
      href="/students/144"
      style={
        Object {
          "fontSize": 24,
        }
      }
      target="_blank"
    >
      Elsa
       
      Skywalker
    </a>
  </h4>
  <div
    style={
      Object {
        "display": "flex",
        "flexDirection": "column",
        "marginTop": 20,
      }
    }
  >
    <div
      style={
        Object {
          "flex": 1,
        }
      }
    >
      <div
        style={
          Object {
            "display": "flex",
          }
        }
      >
        <div
          className="Card "
          style={
            Object {
              "border": "1px solid #ccc",
              "borderRadius": 3,
              "flex": 1,
              "margin": 5,
              "padding": 10,
            }
          }
        >
          <div
            style={
              Object {
                "fontSize": 16,
                "fontWeight": "bold",
                "marginBottom": 5,
              }
            }
          >
            Special needs
          </div>
          <div>
            Disability: 
            Specific LDs
             (
            <a
              href="#"
            >
              IEP
            </a>
            )
          </div>
          <div>
            Program: 
            Sp Ed
          </div>
        </div>
        <div
          className="Card "
          style={
            Object {
              "border": "1px solid #ccc",
              "borderRadius": 3,
              "flex": 1,
              "margin": 5,
              "padding": 10,
            }
          }
        >
          <div
            style={
              Object {
                "fontSize": 16,
                "fontWeight": "bold",
                "marginBottom": 5,
              }
            }
          >
            Learning English
          </div>
          <div>
            Learning English: 
            Fluent
          </div>
          <div>
            ACCESS Composite: 
            1
          </div>
          <div>
            Home language: 
            Portuguese
          </div>
        </div>
      </div>
      <div
        style={
          Object {
            "display": "flex",
          }
        }
      >
        <div
          className="Card "
          style={
            Object {
              "border": "1px solid #ccc",
              "borderRadius": 3,
              "flex": 1,
              "margin": 5,
              "padding": 10,
            }
          }
        >
          <div
            style={
              Object {
                "fontSize": 16,
                "fontWeight": "bold",
                "marginBottom": 5,
              }
            }
          >
            Identity
          </div>
          <div>
            Racial identity: 
            White
          </div>
          <div>
            Hispanic: 
            Not hispanic
          </div>
          <div>
            Gender: 
            F
          </div>
        </div>
        <div
          className="Card "
          style={
            Object {
              "border": "1px solid #ccc",
              "borderRadius": 3,
              "flex": 1,
              "margin": 5,
              "padding": 10,
            }
          }
        >
          <div
            style={
              Object {
                "fontSize": 16,
                "fontWeight": "bold",
                "marginBottom": 5,
              }
            }
          >
            Home
          </div>
          <div>
            Home language: 
            Portuguese
          </div>
          <div>
            Free reduced lunch: 
            Not Eligible
          </div>
        </div>
      </div>
      <div
        style={
          Object {
            "display": "flex",
          }
        }
      >
        <div
          className="Card "
          style={
            Object {
              "border": "1px solid #ccc",
              "borderRadius": 3,
              "flex": 1,
              "margin": 5,
              "padding": 10,
            }
          }
        >
          <div
            style={
              Object {
                "fontSize": 16,
                "fontWeight": "bold",
                "marginBottom": 5,
              }
            }
          >
            Standardized tests
          </div>
          <div>
            DIBELS: 
            Intensive
          </div>
          <div>
            STAR Math percentile: 
            47
          </div>
          <div>
            STAR Reading percentile: 
            36
          </div>
        </div>
        <div
          className="Card "
          style={
            Object {
              "border": "1px solid #ccc",
              "borderRadius": 3,
              "flex": 1,
              "margin": 5,
              "padding": 10,
            }
          }
        >
          <div
            style={
              Object {
                "fontSize": 16,
                "fontWeight": "bold",
                "marginBottom": 5,
              }
            }
          >
            Behavior
          </div>
          <div>
            Discipline incidents: 
            1
          </div>
        </div>
      </div>
    </div>
    <div
      style={
        Object {
          "flex": 1,
        }
      }
    >
      <div>
        <div
          className="SectionHeading"
          style={
            Object {
              "borderBottom": "1px solid #333",
              "padding": 10,
            }
          }
        >
          <h4
            style={
              Object {
                "color": "black",
                "display": "inline",
              }
            }
          >
            Notes for 
            Elsa
          </h4>
        </div>
        <div
          style={
            Object {
              "padding": 10,
            }
          }
        >
          Loading...
        </div>
      </div>
    </div>
  </div>
</div>
`;
