// Jest Snapshot v1, https://goo.gl/fbAQLP

exports[`snapshots view 1`] = `
<div
  style={
    Object {
      "display": "flex",
      "flex": 1,
      "flexDirection": "column",
      "margin": 10,
    }
  }
>
  <div
    style={
      Object {
        "alignItems": "center",
        "display": "flex",
        "justifyContent": "space-between",
        "marginBottom": 20,
        "marginTop": 10,
      }
    }
  >
    <div
      style={
        Object {
          "alignItems": "center",
          "display": "flex",
        }
      }
    >
      <div
        className="Select has-value is-searchable Select--single"
      >
        <div
          className="Select-control"
          onKeyDown={[Function]}
          onMouseDown={[Function]}
          onTouchEnd={[Function]}
          onTouchMove={[Function]}
          onTouchStart={[Function]}
          style={
            Object {
              "marginLeft": 10,
              "width": "20em",
            }
          }
        >
          <div
            className="Select-multi-value-wrapper"
            id="react-select-4--value"
          >
            <div
              className="Select-value"
            >
              <span
                aria-selected="true"
                className="Select-value-label"
                id="react-select-4--value-item"
                role="option"
              >
                F&P English
              </span>
            </div>
            <div
              className="Select-input"
              style={
                Object {
                  "display": "inline-block",
                }
              }
            >
              <input
                aria-activedescendant="react-select-4--value"
                aria-expanded="false"
                aria-haspopup="false"
                aria-owns=""
                onBlur={[Function]}
                onChange={[Function]}
                onFocus={[Function]}
                required={false}
                role="combobox"
                style={
                  Object {
                    "boxSizing": "content-box",
                    "width": "5px",
                  }
                }
                value=""
              />
              <div
                style={
                  Object {
                    "height": 0,
                    "left": 0,
                    "overflow": "scroll",
                    "position": "absolute",
                    "top": 0,
                    "visibility": "hidden",
                    "whiteSpace": "pre",
                  }
                }
              >
                
              </div>
            </div>
          </div>
          <span
            className="Select-arrow-zone"
            onMouseDown={[Function]}
          >
            <span
              className="Select-arrow"
              onMouseDown={[Function]}
            />
          </span>
        </div>
      </div>
      <div
        className="Select is-searchable Select--single"
      >
        <div
          className="Select-control"
          onKeyDown={[Function]}
          onMouseDown={[Function]}
          onTouchEnd={[Function]}
          onTouchMove={[Function]}
          onTouchStart={[Function]}
          style={
            Object {
              "marginLeft": 10,
              "width": "16em",
            }
          }
        >
          <div
            className="Select-multi-value-wrapper"
            id="react-select-5--value"
          >
            <div
              className="Select-placeholder"
            >
              Visualization...
            </div>
            <div
              className="Select-input"
              style={
                Object {
                  "display": "inline-block",
                }
              }
            >
              <input
                aria-activedescendant="react-select-5--value"
                aria-expanded="false"
                aria-haspopup="false"
                aria-owns=""
                onBlur={[Function]}
                onChange={[Function]}
                onFocus={[Function]}
                required={false}
                role="combobox"
                style={
                  Object {
                    "boxSizing": "content-box",
                    "width": "5px",
                  }
                }
                value=""
              />
              <div
                style={
                  Object {
                    "height": 0,
                    "left": 0,
                    "overflow": "scroll",
                    "position": "absolute",
                    "top": 0,
                    "visibility": "hidden",
                    "whiteSpace": "pre",
                  }
                }
              >
                
              </div>
            </div>
          </div>
          <span
            className="Select-arrow-zone"
            onMouseDown={[Function]}
          >
            <span
              className="Select-arrow"
              onMouseDown={[Function]}
            />
          </span>
        </div>
      </div>
      <div
        onClick={[Function]}
        style={
          Object {
            "cursor": "pointer",
            "fontWeight": "normal",
            "paddingLeft": 10,
          }
        }
      >
        Flip table
      </div>
    </div>
    <div>
      <a
        href="https://github.com/studentinsights/studentinsights/blob/master/app/assets/javascripts/reading/thresholds.js"
        rel="noopener noreferrer"
        target="_blank"
      >
        thresholds
      </a>
    </div>
  </div>
  <div>
    <table
      style={
        Object {
          "width": "100%",
        }
      }
    >
      <thead>
        <tr>
          <th
            style={
              Object {
                "textAlign": "left",
              }
            }
          />
          <th
            style={Object {}}
          >
            Kindergarten
             now
          </th>
          <th
            style={Object {}}
          >
            1st grade
             now
          </th>
          <th
            style={Object {}}
          >
            2nd grade
             now
          </th>
          <th
            style={Object {}}
          >
            3rd grade
             now
          </th>
          <th
            style={Object {}}
          >
            4th grade
             now
          </th>
          <th
            style={Object {}}
          >
            5th grade
             now
          </th>
        </tr>
      </thead>
      <tbody>
        <tr>
          <td
            style={
              Object {
                "textAlign": "left",
              }
            }
          >
            <div>
              2017
               
              winter
            </div>
          </td>
          <td
            style={
              Object {
                "textAlign": "center",
              }
            }
          >
            <div
              onClick={[Function]}
              style={
                Object {
                  "border": "2px solid white",
                  "cursor": "pointer",
                  "padding": 10,
                }
              }
            >
              <div
                style={
                  Object {
                    "minHeight": 40,
                    "minWidth": 80,
                    "overflow": "hidden",
                  }
                }
              >
                <div
                  className="BreakdownBar"
                  style={
                    Object {
                      "height": 5,
                    }
                  }
                >
                  <div
                    style={
                      Object {
                        "height": 5,
                        "position": "relative",
                        "width": "100%",
                      }
                    }
                  >
                    <div>
                      <div
                        style={
                          Object {
                            "background": "rgba(0,128,0,0.5)",
                            "height": 5,
                            "left": "0%",
                            "position": "absolute",
                            "width": "100%",
                          }
                        }
                      >
                         
                      </div>
                      <div
                        style={
                          Object {
                            "color": "rgba(0,128,0,0.5)",
                            "left": "0%",
                            "paddingRight": 1,
                            "position": "absolute",
                            "textAlign": "right",
                            "top": 5,
                            "width": "100%",
                          }
                        }
                      >
                        4
                      </div>
                    </div>
                  </div>
                </div>
              </div>
            </div>
          </td>
          <td
            style={
              Object {
                "textAlign": "center",
              }
            }
          >
            <div
              onClick={[Function]}
              style={
                Object {
                  "border": "2px solid white",
                  "cursor": "pointer",
                  "padding": 10,
                }
              }
            >
              <div
                style={
                  Object {
                    "minHeight": 40,
                    "minWidth": 80,
                    "overflow": "hidden",
                  }
                }
              />
            </div>
          </td>
          <td
            style={
              Object {
                "textAlign": "center",
              }
            }
          >
            <div
              onClick={[Function]}
              style={
                Object {
                  "border": "2px solid white",
                  "cursor": "pointer",
                  "padding": 10,
                }
              }
            >
              <div
                style={
                  Object {
                    "minHeight": 40,
                    "minWidth": 80,
                    "overflow": "hidden",
                  }
                }
              />
            </div>
          </td>
          <td
            style={
              Object {
                "textAlign": "center",
              }
            }
          >
            <div
              onClick={[Function]}
              style={
                Object {
                  "border": "2px solid white",
                  "cursor": "pointer",
                  "padding": 10,
                }
              }
            >
              <div
                style={
                  Object {
                    "minHeight": 40,
                    "minWidth": 80,
                    "overflow": "hidden",
                  }
                }
              >
                <div
                  className="BreakdownBar"
                  style={
                    Object {
                      "height": 5,
                    }
                  }
                >
                  <div
                    style={
                      Object {
                        "height": 5,
                        "position": "relative",
                        "width": "100%",
                      }
                    }
                  >
                    <div>
                      <div
                        style={
                          Object {
                            "background": "rgba(0,128,0,0.5)",
                            "height": 5,
                            "left": "0%",
                            "position": "absolute",
                            "width": "34%",
                          }
                        }
                      >
                         
                      </div>
                      <div
                        style={
                          Object {
                            "color": "rgba(0,128,0,0.5)",
                            "left": "0%",
                            "paddingRight": 1,
                            "position": "absolute",
                            "textAlign": "right",
                            "top": 5,
                            "width": "34%",
                          }
                        }
                      >
                        2
                      </div>
                    </div>
                    <div>
                      <div
                        style={
                          Object {
                            "background": "rgba(255,0,0,0.5)",
                            "height": 5,
                            "left": "34%",
                            "position": "absolute",
                            "width": "67%",
                          }
                        }
                      >
                         
                      </div>
                      <div
                        style={
                          Object {
                            "color": "rgba(255,0,0,0.5)",
                            "left": "34%",
                            "paddingRight": 1,
                            "position": "absolute",
                            "textAlign": "right",
                            "top": 5,
                            "width": "67%",
                          }
                        }
                      >
                        4
                      </div>
                    </div>
                  </div>
                </div>
              </div>
            </div>
          </td>
          <td
            style={
              Object {
                "textAlign": "center",
              }
            }
          >
            <div
              onClick={[Function]}
              style={
                Object {
                  "border": "2px solid white",
                  "cursor": "pointer",
                  "padding": 10,
                }
              }
            >
              <div
                style={
                  Object {
                    "minHeight": 40,
                    "minWidth": 80,
                    "overflow": "hidden",
                  }
                }
              />
            </div>
          </td>
          <td
            style={
              Object {
                "textAlign": "center",
              }
            }
          >
            <div
              onClick={[Function]}
              style={
                Object {
                  "border": "2px solid white",
                  "cursor": "pointer",
                  "padding": 10,
                }
              }
            >
              <div
                style={
                  Object {
                    "minHeight": 40,
                    "minWidth": 80,
                    "overflow": "hidden",
                  }
                }
              >
                <div
                  className="BreakdownBar"
                  style={
                    Object {
                      "height": 5,
                    }
                  }
                >
                  <div
                    style={
                      Object {
                        "height": 5,
                        "position": "relative",
                        "width": "100%",
                      }
                    }
                  >
                    <div>
                      <div
                        style={
                          Object {
                            "background": "#ccc",
                            "height": 5,
                            "left": "0%",
                            "position": "absolute",
                            "width": "100%",
                          }
                        }
                      >
                         
                      </div>
                      <div
                        style={
                          Object {
                            "color": "#ccc",
                            "left": "0%",
                            "paddingRight": 1,
                            "position": "absolute",
                            "textAlign": "right",
                            "top": 5,
                            "width": "100%",
                          }
                        }
                      >
                        11
                      </div>
                    </div>
                  </div>
                </div>
              </div>
            </div>
          </td>
        </tr>
        <tr>
          <td
            style={
              Object {
                "textAlign": "left",
              }
            }
          >
            <div>
              2017
               
              spring
            </div>
          </td>
          <td
            style={
              Object {
                "textAlign": "center",
              }
            }
          >
            <div
              onClick={[Function]}
              style={
                Object {
                  "border": "2px solid white",
                  "cursor": "pointer",
                  "padding": 10,
                }
              }
            >
              <div
                style={
                  Object {
                    "minHeight": 40,
                    "minWidth": 80,
                    "overflow": "hidden",
                  }
                }
              >
                <div
                  className="BreakdownBar"
                  style={
                    Object {
                      "height": 5,
                    }
                  }
                >
                  <div
                    style={
                      Object {
                        "height": 5,
                        "position": "relative",
                        "width": "100%",
                      }
                    }
                  >
                    <div>
                      <div
                        style={
                          Object {
                            "background": "#ccc",
                            "height": 5,
                            "left": "0%",
                            "position": "absolute",
                            "width": "100%",
                          }
                        }
                      >
                         
                      </div>
                      <div
                        style={
                          Object {
                            "color": "#ccc",
                            "left": "0%",
                            "paddingRight": 1,
                            "position": "absolute",
                            "textAlign": "right",
                            "top": 5,
                            "width": "100%",
                          }
                        }
                      >
                        7
                      </div>
                    </div>
                  </div>
                </div>
              </div>
            </div>
          </td>
          <td
            style={
              Object {
                "textAlign": "center",
              }
            }
          >
            <div
              onClick={[Function]}
              style={
                Object {
                  "border": "2px solid white",
                  "cursor": "pointer",
                  "padding": 10,
                }
              }
            >
              <div
                style={
                  Object {
                    "minHeight": 40,
                    "minWidth": 80,
                    "overflow": "hidden",
                  }
                }
              />
            </div>
          </td>
          <td
            style={
              Object {
                "textAlign": "center",
              }
            }
          >
            <div
              onClick={[Function]}
              style={
                Object {
                  "border": "2px solid white",
                  "cursor": "pointer",
                  "padding": 10,
                }
              }
            >
              <div
                style={
                  Object {
                    "minHeight": 40,
                    "minWidth": 80,
                    "overflow": "hidden",
                  }
                }
              />
            </div>
          </td>
          <td
            style={
              Object {
                "textAlign": "center",
              }
            }
          >
            <div
              onClick={[Function]}
              style={
                Object {
                  "border": "2px solid white",
                  "cursor": "pointer",
                  "padding": 10,
                }
              }
            >
              <div
                style={
                  Object {
                    "minHeight": 40,
                    "minWidth": 80,
                    "overflow": "hidden",
                  }
                }
              >
                <div
                  className="BreakdownBar"
                  style={
                    Object {
                      "height": 5,
                    }
                  }
                >
                  <div
                    style={
                      Object {
                        "height": 5,
                        "position": "relative",
                        "width": "100%",
                      }
                    }
                  >
                    <div>
                      <div
                        style={
                          Object {
                            "background": "rgba(0,128,0,0.5)",
                            "height": 5,
                            "left": "0%",
                            "position": "absolute",
                            "width": "50%",
                          }
                        }
                      >
                         
                      </div>
                      <div
                        style={
                          Object {
                            "color": "rgba(0,128,0,0.5)",
                            "left": "0%",
                            "paddingRight": 1,
                            "position": "absolute",
                            "textAlign": "right",
                            "top": 5,
                            "width": "50%",
                          }
                        }
                      >
                        3
                      </div>
                    </div>
                    <div>
                      <div
                        style={
                          Object {
                            "background": "rgba(255,140,0,0.6)",
                            "height": 5,
                            "left": "50%",
                            "position": "absolute",
                            "width": "50%",
                          }
                        }
                      >
                         
                      </div>
                      <div
                        style={
                          Object {
                            "color": "rgba(255,140,0,0.6)",
                            "left": "50%",
                            "paddingRight": 1,
                            "position": "absolute",
                            "textAlign": "right",
                            "top": 5,
                            "width": "50%",
                          }
                        }
                      >
                        3
                      </div>
                    </div>
                  </div>
                </div>
              </div>
            </div>
          </td>
          <td
            style={
              Object {
                "textAlign": "center",
              }
            }
          >
            <div
              onClick={[Function]}
              style={
                Object {
                  "border": "2px solid white",
                  "cursor": "pointer",
                  "padding": 10,
                }
              }
            >
              <div
                style={
                  Object {
                    "minHeight": 40,
                    "minWidth": 80,
                    "overflow": "hidden",
                  }
                }
              />
            </div>
          </td>
          <td
            style={
              Object {
                "textAlign": "center",
              }
            }
          >
            <div
              onClick={[Function]}
              style={
                Object {
                  "border": "2px solid white",
                  "cursor": "pointer",
                  "padding": 10,
                }
              }
            >
              <div
                style={
                  Object {
                    "minHeight": 40,
                    "minWidth": 80,
                    "overflow": "hidden",
                  }
                }
              >
                <div
                  className="BreakdownBar"
                  style={
                    Object {
                      "height": 5,
                    }
                  }
                >
                  <div
                    style={
                      Object {
                        "height": 5,
                        "position": "relative",
                        "width": "100%",
                      }
                    }
                  >
                    <div>
                      <div
                        style={
                          Object {
                            "background": "#ccc",
                            "height": 5,
                            "left": "0%",
                            "position": "absolute",
                            "width": "100%",
                          }
                        }
                      >
                         
                      </div>
                      <div
                        style={
                          Object {
                            "color": "#ccc",
                            "left": "0%",
                            "paddingRight": 1,
                            "position": "absolute",
                            "textAlign": "right",
                            "top": 5,
                            "width": "100%",
                          }
                        }
                      >
                        13
                      </div>
                    </div>
                  </div>
                </div>
              </div>
            </div>
          </td>
        </tr>
        <tr>
          <td
            style={
              Object {
                "textAlign": "left",
              }
            }
          >
            <div>
              2018
               
              fall
            </div>
          </td>
          <td
            style={
              Object {
                "textAlign": "center",
              }
            }
          >
            <div
              onClick={[Function]}
              style={
                Object {
                  "border": "2px solid white",
                  "cursor": "pointer",
                  "padding": 10,
                }
              }
            >
              <div
                style={
                  Object {
                    "minHeight": 40,
                    "minWidth": 80,
                    "overflow": "hidden",
                  }
                }
              >
                <div
                  className="BreakdownBar"
                  style={
                    Object {
                      "height": 5,
                    }
                  }
                >
                  <div
                    style={
                      Object {
                        "height": 5,
                        "position": "relative",
                        "width": "100%",
                      }
                    }
                  >
                    <div>
                      <div
                        style={
                          Object {
                            "background": "rgba(0,128,0,0.5)",
                            "height": 5,
                            "left": "0%",
                            "position": "absolute",
                            "width": "100%",
                          }
                        }
                      >
                         
                      </div>
                      <div
                        style={
                          Object {
                            "color": "rgba(0,128,0,0.5)",
                            "left": "0%",
                            "paddingRight": 1,
                            "position": "absolute",
                            "textAlign": "right",
                            "top": 5,
                            "width": "100%",
                          }
                        }
                      >
                        7
                      </div>
                    </div>
                  </div>
                </div>
              </div>
            </div>
          </td>
          <td
            style={
              Object {
                "textAlign": "center",
              }
            }
          >
            <div
              onClick={[Function]}
              style={
                Object {
                  "border": "2px solid white",
                  "cursor": "pointer",
                  "padding": 10,
                }
              }
            >
              <div
                style={
                  Object {
                    "minHeight": 40,
                    "minWidth": 80,
                    "overflow": "hidden",
                  }
                }
              />
            </div>
          </td>
          <td
            style={
              Object {
                "textAlign": "center",
              }
            }
          >
            <div
              onClick={[Function]}
              style={
                Object {
                  "border": "2px solid white",
                  "cursor": "pointer",
                  "padding": 10,
                }
              }
            >
              <div
                style={
                  Object {
                    "minHeight": 40,
                    "minWidth": 80,
                    "overflow": "hidden",
                  }
                }
              />
            </div>
          </td>
          <td
            style={
              Object {
                "textAlign": "center",
              }
            }
          >
            <div
              onClick={[Function]}
              style={
                Object {
                  "border": "2px solid white",
                  "cursor": "pointer",
                  "padding": 10,
                }
              }
            >
              <div
                style={
                  Object {
                    "minHeight": 40,
                    "minWidth": 80,
                    "overflow": "hidden",
                  }
                }
              >
                <div
                  className="BreakdownBar"
                  style={
                    Object {
                      "height": 5,
                    }
                  }
                >
                  <div
                    style={
                      Object {
                        "height": 5,
                        "position": "relative",
                        "width": "100%",
                      }
                    }
                  >
                    <div>
                      <div
                        style={
                          Object {
                            "background": "#ccc",
                            "height": 5,
                            "left": "0%",
                            "position": "absolute",
                            "width": "100%",
                          }
                        }
                      >
                         
                      </div>
                      <div
                        style={
                          Object {
                            "color": "#ccc",
                            "left": "0%",
                            "paddingRight": 1,
                            "position": "absolute",
                            "textAlign": "right",
                            "top": 5,
                            "width": "100%",
                          }
                        }
                      >
                        7
                      </div>
                    </div>
                  </div>
                </div>
              </div>
            </div>
          </td>
          <td
            style={
              Object {
                "textAlign": "center",
              }
            }
          >
            <div
              onClick={[Function]}
              style={
                Object {
                  "border": "2px solid white",
                  "cursor": "pointer",
                  "padding": 10,
                }
              }
            >
              <div
                style={
                  Object {
                    "minHeight": 40,
                    "minWidth": 80,
                    "overflow": "hidden",
                  }
                }
              />
            </div>
          </td>
          <td
            style={
              Object {
                "textAlign": "center",
              }
            }
          >
            <div
              onClick={[Function]}
              style={
                Object {
                  "border": "2px solid white",
                  "cursor": "pointer",
                  "padding": 10,
                }
              }
            >
              <div
                style={
                  Object {
                    "minHeight": 40,
                    "minWidth": 80,
                    "overflow": "hidden",
                  }
                }
              >
                <div
                  className="BreakdownBar"
                  style={
                    Object {
                      "height": 5,
                    }
                  }
                >
                  <div
                    style={
                      Object {
                        "height": 5,
                        "position": "relative",
                        "width": "100%",
                      }
                    }
                  >
                    <div>
                      <div
                        style={
                          Object {
                            "background": "#ccc",
                            "height": 5,
                            "left": "0%",
                            "position": "absolute",
                            "width": "100%",
                          }
                        }
                      >
                         
                      </div>
                      <div
                        style={
                          Object {
                            "color": "#ccc",
                            "left": "0%",
                            "paddingRight": 1,
                            "position": "absolute",
                            "textAlign": "right",
                            "top": 5,
                            "width": "100%",
                          }
                        }
                      >
                        13
                      </div>
                    </div>
                  </div>
                </div>
              </div>
            </div>
          </td>
        </tr>
        <tr>
          <td
            style={
              Object {
                "textAlign": "left",
              }
            }
          >
            <div>
              2018
               
              winter
            </div>
          </td>
          <td
            style={
              Object {
                "textAlign": "center",
              }
            }
          >
            <div
              onClick={[Function]}
              style={
                Object {
                  "border": "2px solid white",
                  "cursor": "pointer",
                  "padding": 10,
                }
              }
            >
              <div
                style={
                  Object {
                    "minHeight": 40,
                    "minWidth": 80,
                    "overflow": "hidden",
                  }
                }
              >
                <div
                  className="BreakdownBar"
                  style={
                    Object {
                      "height": 5,
                    }
                  }
                >
                  <div
                    style={
                      Object {
                        "height": 5,
                        "position": "relative",
                        "width": "100%",
                      }
                    }
                  >
                    <div>
                      <div
                        style={
                          Object {
                            "background": "rgba(0,128,0,0.5)",
                            "height": 5,
                            "left": "0%",
                            "position": "absolute",
                            "width": "80%",
                          }
                        }
                      >
                         
                      </div>
                      <div
                        style={
                          Object {
                            "color": "rgba(0,128,0,0.5)",
                            "left": "0%",
                            "paddingRight": 1,
                            "position": "absolute",
                            "textAlign": "right",
                            "top": 5,
                            "width": "80%",
                          }
                        }
                      >
                        4
                      </div>
                    </div>
                    <div>
                      <div
                        style={
                          Object {
                            "background": "rgba(255,0,0,0.5)",
                            "height": 5,
                            "left": "80%",
                            "position": "absolute",
                            "width": "20%",
                          }
                        }
                      >
                         
                      </div>
                      <div
                        style={
                          Object {
                            "color": "rgba(255,0,0,0.5)",
                            "left": "80%",
                            "paddingRight": 1,
                            "position": "absolute",
                            "textAlign": "right",
                            "top": 5,
                            "width": "20%",
                          }
                        }
                      >
                        1
                      </div>
                    </div>
                  </div>
                </div>
              </div>
            </div>
          </td>
          <td
            style={
              Object {
                "textAlign": "center",
              }
            }
          >
            <div
              onClick={[Function]}
              style={
                Object {
                  "border": "2px solid white",
                  "cursor": "pointer",
                  "padding": 10,
                }
              }
            >
              <div
                style={
                  Object {
                    "minHeight": 40,
                    "minWidth": 80,
                    "overflow": "hidden",
                  }
                }
              />
            </div>
          </td>
          <td
            style={
              Object {
                "textAlign": "center",
              }
            }
          >
            <div
              onClick={[Function]}
              style={
                Object {
                  "border": "2px solid white",
                  "cursor": "pointer",
                  "padding": 10,
                }
              }
            >
              <div
                style={
                  Object {
                    "minHeight": 40,
                    "minWidth": 80,
                    "overflow": "hidden",
                  }
                }
              />
            </div>
          </td>
          <td
            style={
              Object {
                "textAlign": "center",
              }
            }
          >
            <div
              onClick={[Function]}
              style={
                Object {
                  "border": "2px solid white",
                  "cursor": "pointer",
                  "padding": 10,
                }
              }
            >
              <div
                style={
                  Object {
                    "minHeight": 40,
                    "minWidth": 80,
                    "overflow": "hidden",
                  }
                }
              >
                <div
                  className="BreakdownBar"
                  style={
                    Object {
                      "height": 5,
                    }
                  }
                >
                  <div
                    style={
                      Object {
                        "height": 5,
                        "position": "relative",
                        "width": "100%",
                      }
                    }
                  >
                    <div>
                      <div
                        style={
                          Object {
                            "background": "rgba(0,128,0,0.5)",
                            "height": 5,
                            "left": "0%",
                            "position": "absolute",
                            "width": "58%",
                          }
                        }
                      >
                         
                      </div>
                      <div
                        style={
                          Object {
                            "color": "rgba(0,128,0,0.5)",
                            "left": "0%",
                            "paddingRight": 1,
                            "position": "absolute",
                            "textAlign": "right",
                            "top": 5,
                            "width": "58%",
                          }
                        }
                      >
                        4
                      </div>
                    </div>
                    <div>
                      <div
                        style={
                          Object {
                            "background": "rgba(255,0,0,0.5)",
                            "height": 5,
                            "left": "58%",
                            "position": "absolute",
                            "width": "43%",
                          }
                        }
                      >
                         
                      </div>
                      <div
                        style={
                          Object {
                            "color": "rgba(255,0,0,0.5)",
                            "left": "58%",
                            "paddingRight": 1,
                            "position": "absolute",
                            "textAlign": "right",
                            "top": 5,
                            "width": "43%",
                          }
                        }
                      >
                        3
                      </div>
                    </div>
                  </div>
                </div>
              </div>
            </div>
          </td>
          <td
            style={
              Object {
                "textAlign": "center",
              }
            }
          >
            <div
              onClick={[Function]}
              style={
                Object {
                  "border": "2px solid white",
                  "cursor": "pointer",
                  "padding": 10,
                }
              }
            >
              <div
                style={
                  Object {
                    "minHeight": 40,
                    "minWidth": 80,
                    "overflow": "hidden",
                  }
                }
              />
            </div>
          </td>
          <td
            style={
              Object {
                "textAlign": "center",
              }
            }
          >
            <div
              onClick={[Function]}
              style={
                Object {
                  "border": "2px solid white",
                  "cursor": "pointer",
                  "padding": 10,
                }
              }
            >
              <div
                style={
                  Object {
                    "minHeight": 40,
                    "minWidth": 80,
                    "overflow": "hidden",
                  }
                }
              >
                <div
                  className="BreakdownBar"
                  style={
                    Object {
                      "height": 5,
                    }
                  }
                >
                  <div
                    style={
                      Object {
                        "height": 5,
                        "position": "relative",
                        "width": "100%",
                      }
                    }
                  >
                    <div>
                      <div
                        style={
                          Object {
                            "background": "#ccc",
                            "height": 5,
                            "left": "0%",
                            "position": "absolute",
                            "width": "100%",
                          }
                        }
                      >
                         
                      </div>
                      <div
                        style={
                          Object {
                            "color": "#ccc",
                            "left": "0%",
                            "paddingRight": 1,
                            "position": "absolute",
                            "textAlign": "right",
                            "top": 5,
                            "width": "100%",
                          }
                        }
                      >
                        13
                      </div>
                    </div>
                  </div>
                </div>
              </div>
            </div>
          </td>
        </tr>
        <tr>
          <td
            style={
              Object {
                "textAlign": "left",
              }
            }
          >
            <div>
              2018
               
              spring
            </div>
          </td>
          <td
            style={
              Object {
                "textAlign": "center",
              }
            }
          >
            <div
              onClick={[Function]}
              style={
                Object {
                  "border": "2px solid white",
                  "cursor": "pointer",
                  "padding": 10,
                }
              }
            >
              <div
                style={
                  Object {
                    "minHeight": 40,
                    "minWidth": 80,
                    "overflow": "hidden",
                  }
                }
              >
                <div
                  className="BreakdownBar"
                  style={
                    Object {
                      "height": 5,
                    }
                  }
                >
                  <div
                    style={
                      Object {
                        "height": 5,
                        "position": "relative",
                        "width": "100%",
                      }
                    }
                  >
                    <div>
                      <div
                        style={
                          Object {
                            "background": "#ccc",
                            "height": 5,
                            "left": "0%",
                            "position": "absolute",
                            "width": "100%",
                          }
                        }
                      >
                         
                      </div>
                      <div
                        style={
                          Object {
                            "color": "#ccc",
                            "left": "0%",
                            "paddingRight": 1,
                            "position": "absolute",
                            "textAlign": "right",
                            "top": 5,
                            "width": "100%",
                          }
                        }
                      >
                        6
                      </div>
                    </div>
                  </div>
                </div>
              </div>
            </div>
          </td>
          <td
            style={
              Object {
                "textAlign": "center",
              }
            }
          >
            <div
              onClick={[Function]}
              style={
                Object {
                  "border": "2px solid white",
                  "cursor": "pointer",
                  "padding": 10,
                }
              }
            >
              <div
                style={
                  Object {
                    "minHeight": 40,
                    "minWidth": 80,
                    "overflow": "hidden",
                  }
                }
              />
            </div>
          </td>
          <td
            style={
              Object {
                "textAlign": "center",
              }
            }
          >
            <div
              onClick={[Function]}
              style={
                Object {
                  "border": "2px solid white",
                  "cursor": "pointer",
                  "padding": 10,
                }
              }
            >
              <div
                style={
                  Object {
                    "minHeight": 40,
                    "minWidth": 80,
                    "overflow": "hidden",
                  }
                }
              />
            </div>
          </td>
          <td
            style={
              Object {
                "textAlign": "center",
              }
            }
          >
            <div
              onClick={[Function]}
              style={
                Object {
                  "border": "2px solid white",
                  "cursor": "pointer",
                  "padding": 10,
                }
              }
            >
              <div
                style={
                  Object {
                    "minHeight": 40,
                    "minWidth": 80,
                    "overflow": "hidden",
                  }
                }
              >
                <div
                  className="BreakdownBar"
                  style={
                    Object {
                      "height": 5,
                    }
                  }
                >
                  <div
                    style={
                      Object {
                        "height": 5,
                        "position": "relative",
                        "width": "100%",
                      }
                    }
                  >
                    <div>
                      <div
                        style={
                          Object {
                            "background": "rgba(0,128,0,0.5)",
                            "height": 5,
                            "left": "0%",
                            "position": "absolute",
                            "width": "29%",
                          }
                        }
                      >
                         
                      </div>
                      <div
                        style={
                          Object {
                            "color": "rgba(0,128,0,0.5)",
                            "left": "0%",
                            "paddingRight": 1,
                            "position": "absolute",
                            "textAlign": "right",
                            "top": 5,
                            "width": "29%",
                          }
                        }
                      >
                        2
                      </div>
                    </div>
                    <div>
                      <div
                        style={
                          Object {
                            "background": "rgba(255,140,0,0.6)",
                            "height": 5,
                            "left": "29%",
                            "position": "absolute",
                            "width": "72%",
                          }
                        }
                      >
                         
                      </div>
                      <div
                        style={
                          Object {
                            "color": "rgba(255,140,0,0.6)",
                            "left": "29%",
                            "paddingRight": 1,
                            "position": "absolute",
                            "textAlign": "right",
                            "top": 5,
                            "width": "72%",
                          }
                        }
                      >
                        5
                      </div>
                    </div>
                  </div>
                </div>
              </div>
            </div>
          </td>
          <td
            style={
              Object {
                "textAlign": "center",
              }
            }
          >
            <div
              onClick={[Function]}
              style={
                Object {
                  "border": "2px solid white",
                  "cursor": "pointer",
                  "padding": 10,
                }
              }
            >
              <div
                style={
                  Object {
                    "minHeight": 40,
                    "minWidth": 80,
                    "overflow": "hidden",
                  }
                }
              />
            </div>
          </td>
          <td
            style={
              Object {
                "textAlign": "center",
              }
            }
          >
            <div
              onClick={[Function]}
              style={
                Object {
                  "border": "2px solid white",
                  "cursor": "pointer",
                  "padding": 10,
                }
              }
            >
              <div
                style={
                  Object {
                    "minHeight": 40,
                    "minWidth": 80,
                    "overflow": "hidden",
                  }
                }
              >
                <div
                  className="BreakdownBar"
                  style={
                    Object {
                      "height": 5,
                    }
                  }
                >
                  <div
                    style={
                      Object {
                        "height": 5,
                        "position": "relative",
                        "width": "100%",
                      }
                    }
                  >
                    <div>
                      <div
                        style={
                          Object {
                            "background": "#ccc",
                            "height": 5,
                            "left": "0%",
                            "position": "absolute",
                            "width": "100%",
                          }
                        }
                      >
                         
                      </div>
                      <div
                        style={
                          Object {
                            "color": "#ccc",
                            "left": "0%",
                            "paddingRight": 1,
                            "position": "absolute",
                            "textAlign": "right",
                            "top": 5,
                            "width": "100%",
                          }
                        }
                      >
                        13
                      </div>
                    </div>
                  </div>
                </div>
              </div>
            </div>
          </td>
        </tr>
        <tr>
          <td
            style={
              Object {
                "textAlign": "left",
              }
            }
          >
            <div>
              2019
               
              fall
            </div>
          </td>
          <td
            style={
              Object {
                "textAlign": "center",
              }
            }
          >
            <div
              onClick={[Function]}
              style={
                Object {
                  "border": "2px solid white",
                  "cursor": "pointer",
                  "padding": 10,
                }
              }
            >
              <div
                style={
                  Object {
                    "minHeight": 40,
                    "minWidth": 80,
                    "overflow": "hidden",
                  }
                }
              />
            </div>
          </td>
          <td
            style={
              Object {
                "textAlign": "center",
              }
            }
          >
            <div
              onClick={[Function]}
              style={
                Object {
                  "border": "2px solid white",
                  "cursor": "pointer",
                  "padding": 10,
                }
              }
            >
              <div
                style={
                  Object {
                    "minHeight": 40,
                    "minWidth": 80,
                    "overflow": "hidden",
                  }
                }
              />
            </div>
          </td>
          <td
            style={
              Object {
                "textAlign": "center",
              }
            }
          >
            <div
              onClick={[Function]}
              style={
                Object {
                  "border": "2px solid white",
                  "cursor": "pointer",
                  "padding": 10,
                }
              }
            >
              <div
                style={
                  Object {
                    "minHeight": 40,
                    "minWidth": 80,
                    "overflow": "hidden",
                  }
                }
              />
            </div>
          </td>
          <td
            style={
              Object {
                "textAlign": "center",
              }
            }
          >
            <div
              onClick={[Function]}
              style={
                Object {
                  "border": "2px solid white",
                  "cursor": "pointer",
                  "padding": 10,
                }
              }
            >
              <div
                style={
                  Object {
                    "minHeight": 40,
                    "minWidth": 80,
                    "overflow": "hidden",
                  }
                }
              />
            </div>
          </td>
          <td
            style={
              Object {
                "textAlign": "center",
              }
            }
          >
            <div
              onClick={[Function]}
              style={
                Object {
                  "border": "2px solid white",
                  "cursor": "pointer",
                  "padding": 10,
                }
              }
            >
              <div
                style={
                  Object {
                    "minHeight": 40,
                    "minWidth": 80,
                    "overflow": "hidden",
                  }
                }
              />
            </div>
          </td>
          <td
            style={
              Object {
                "textAlign": "center",
              }
            }
          >
            <div
              onClick={[Function]}
              style={
                Object {
                  "border": "2px solid white",
                  "cursor": "pointer",
                  "padding": 10,
                }
              }
            >
              <div
                style={
                  Object {
                    "minHeight": 40,
                    "minWidth": 80,
                    "overflow": "hidden",
                  }
                }
              />
            </div>
          </td>
        </tr>
        <tr>
          <td
            style={
              Object {
                "textAlign": "left",
              }
            }
          >
            <div>
              2019
               
              winter
            </div>
          </td>
          <td
            style={
              Object {
                "textAlign": "center",
              }
            }
          >
            <div
              onClick={[Function]}
              style={
                Object {
                  "border": "2px solid white",
                  "cursor": "pointer",
                  "padding": 10,
                }
              }
            >
              <div
                style={
                  Object {
                    "minHeight": 40,
                    "minWidth": 80,
                    "overflow": "hidden",
                  }
                }
              />
            </div>
          </td>
          <td
            style={
              Object {
                "textAlign": "center",
              }
            }
          >
            <div
              onClick={[Function]}
              style={
                Object {
                  "border": "2px solid white",
                  "cursor": "pointer",
                  "padding": 10,
                }
              }
            >
              <div
                style={
                  Object {
                    "minHeight": 40,
                    "minWidth": 80,
                    "overflow": "hidden",
                  }
                }
              />
            </div>
          </td>
          <td
            style={
              Object {
                "textAlign": "center",
              }
            }
          >
            <div
              onClick={[Function]}
              style={
                Object {
                  "border": "2px solid white",
                  "cursor": "pointer",
                  "padding": 10,
                }
              }
            >
              <div
                style={
                  Object {
                    "minHeight": 40,
                    "minWidth": 80,
                    "overflow": "hidden",
                  }
                }
              />
            </div>
          </td>
          <td
            style={
              Object {
                "textAlign": "center",
              }
            }
          >
            <div
              onClick={[Function]}
              style={
                Object {
                  "border": "2px solid white",
                  "cursor": "pointer",
                  "padding": 10,
                }
              }
            >
              <div
                style={
                  Object {
                    "minHeight": 40,
                    "minWidth": 80,
                    "overflow": "hidden",
                  }
                }
              />
            </div>
          </td>
          <td
            style={
              Object {
                "textAlign": "center",
              }
            }
          >
            <div
              onClick={[Function]}
              style={
                Object {
                  "border": "2px solid white",
                  "cursor": "pointer",
                  "padding": 10,
                }
              }
            >
              <div
                style={
                  Object {
                    "minHeight": 40,
                    "minWidth": 80,
                    "overflow": "hidden",
                  }
                }
              />
            </div>
          </td>
          <td
            style={
              Object {
                "textAlign": "center",
              }
            }
          >
            <div
              onClick={[Function]}
              style={
                Object {
                  "border": "2px solid white",
                  "cursor": "pointer",
                  "padding": 10,
                }
              }
            >
              <div
                style={
                  Object {
                    "minHeight": 40,
                    "minWidth": 80,
                    "overflow": "hidden",
                  }
                }
              />
            </div>
          </td>
        </tr>
      </tbody>
    </table>
  </div>
  <div
    style={
      Object {
        "borderTop": "1px solid #ccc",
        "flex": 1,
        "marginTop": 10,
        "paddingTop": 10,
      }
    }
  >
    <div
      style={
        Object {
          "fontSize": 14,
        }
      }
    >
      Click a cell to see the list of students.
    </div>
  </div>
</div>
`;
