// Jest Snapshot v1, https://goo.gl/fbAQLP

exports[`snapshots 1`] = `
<div
  style={
    Object {
      "backgroundColor": "#ccc",
      "backgroundImage": "url(/students/42/photo)",
      "backgroundPosition": "center top",
      "backgroundPositionY": -10,
      "backgroundRepeat": "no-repeat",
      "backgroundSize": "150%",
      "border": "1px solid #aaa",
      "borderRadius": 3,
      "height": 58,
      "marginRight": 10,
      "overflow": "hidden",
      "width": 58,
    }
  }
/>
`;
