// Jest Snapshot v1, https://goo.gl/fbAQLP

exports[`DistrictHomeroomsView pure component matches snapshot 1`] = `
<div>
  <div
    className="SectionHeading"
    style={
      {
        "borderBottom": "1px solid #333",
        "padding": 10,
      }
    }
  >
    <h4
      style={
        {
          "color": "black",
          "display": "inline",
        }
      }
    >
      Classrooms in 
      Localhost Public Schools
    </h4>
  </div>
  <table
    style={
      {
        "border": "1px solid #eee",
        "borderCollapse": "collapse",
        "margin": 10,
        "tableLayout": "fixed",
        "width": "90%",
      }
    }
  >
    <thead>
      <tr>
        <th
          style={
            {
              "border": "1px solid #eee",
              "overflow": "hidden",
              "padding": 5,
              "textAlign": "left",
            }
          }
        >
           
        </th>
        <th
          style={
            {
              "border": "1px solid #eee",
              "overflow": "hidden",
              "padding": 5,
              "textAlign": "left",
            }
          }
        >
          <a
            className="School"
            href="/schools/1"
            style={{}}
          >
            Brown
          </a>
        </th>
        <th
          style={
            {
              "border": "1px solid #eee",
              "overflow": "hidden",
              "padding": 5,
              "textAlign": "left",
            }
          }
        >
          <a
            className="School"
            href="/schools/6"
            style={{}}
          >
            West
          </a>
        </th>
        <th
          style={
            {
              "border": "1px solid #eee",
              "overflow": "hidden",
              "padding": 5,
              "textAlign": "left",
            }
          }
        >
          <a
            className="School"
            href="/schools/2"
            style={{}}
          >
            Healey
          </a>
        </th>
        <th
          style={
            {
              "border": "1px solid #eee",
              "overflow": "hidden",
              "padding": 5,
              "textAlign": "left",
            }
          }
        >
          <a
            className="School"
            href="/schools/9"
            style={{}}
          >
            Somerville High
          </a>
        </th>
      </tr>
    </thead>
    <tbody>
      <tr>
        <td
          style={
            {
              "border": "1px solid #eee",
              "overflow": "hidden",
              "padding": 5,
              "textAlign": "left",
            }
          }
        >
          KF
        </td>
        <td
          style={
            {
              "border": "1px solid #eee",
              "overflow": "hidden",
              "padding": 5,
              "textAlign": "left",
              "verticalAlign": "top",
            }
          }
        >
          <div />
        </td>
        <td
          style={
            {
              "border": "1px solid #eee",
              "overflow": "hidden",
              "padding": 5,
              "textAlign": "left",
              "verticalAlign": "top",
            }
          }
        >
          <div />
        </td>
        <td
          style={
            {
              "border": "1px solid #eee",
              "overflow": "hidden",
              "padding": 5,
              "textAlign": "left",
              "verticalAlign": "top",
            }
          }
        >
          <div>
            <a
              href="/homerooms/1"
              style={
                {
                  "display": "block",
                }
              }
              title="[
  {
    "id": 1,
    "grade": "KF",
    "first_name": "Garfield",
    "last_name": "Skywalker",
    "program_assigned": null,
    "sped_placement": null,
    "house": null,
    "counselor": null,
    "sped_liaison": null,
    "has_photo": true,
    "homeroom": {
      "id": 1,
      "name": "HEA 003",
      "educator": {
        "id": 2,
        "email": "vivian@demo.studentinsights.org",
        "full_name": "Teacher, Vivian"
      }
    },
    "school": {
      "id": 2,
      "school_type": "ESMS",
      "name": "Arthur D Healey",
      "local_id": "HEA",
      "slug": "hea"
    }
  },
  {
    "id": 6,
    "grade": "KF",
    "first_name": "Aladdin",
    "last_name": "Disney",
    "program_assigned": "Reg Ed",
    "sped_placement": null,
    "house": null,
    "counselor": null,
    "sped_liaison": null,
    "has_photo": true,
    "homeroom": {
      "id": 1,
      "name": "HEA 003",
      "educator": {
        "id": 2,
        "email": "vivian@demo.studentinsights.org",
        "full_name": "Teacher, Vivian"
      }
    },
    "school": {
      "id": 2,
      "school_type": "ESMS",
      "name": "Arthur D Healey",
      "local_id": "HEA",
      "slug": "hea"
    }
  },
  {
    "id": 7,
    "grade": "KF",
    "first_name": "Daisy",
    "last_name": "Disney",
    "program_assigned": "2Way English",
    "sped_placement": null,
    "house": null,
    "counselor": null,
    "sped_liaison": null,
    "has_photo": true,
    "homeroom": {
      "id": 1,
      "name": "HEA 003",
      "educator": {
        "id": 2,
        "email": "vivian@demo.studentinsights.org",
        "full_name": "Teacher, Vivian"
      }
    },
    "school": {
      "id": 2,
      "school_type": "ESMS",
      "name": "Arthur D Healey",
      "local_id": "HEA",
      "slug": "hea"
    }
  },
  {
    "id": 8,
    "grade": "KF",
    "first_name": "Mowgli",
    "last_name": "Disney",
    "program_assigned": "2Way English",
    "sped_placement": null,
    "house": null,
    "counselor": null,
    "sped_liaison": null,
    "has_photo": true,
    "homeroom": {
      "id": 1,
      "name": "HEA 003",
      "educator": {
        "id": 2,
        "email": "vivian@demo.studentinsights.org",
        "full_name": "Teacher, Vivian"
      }
    },
    "school": {
      "id": 2,
      "school_type": "ESMS",
      "name": "Arthur D Healey",
      "local_id": "HEA",
      "slug": "hea"
    }
  },
  {
    "id": 10,
    "grade": "KF",
    "first_name": "Mowgli",
    "last_name": "Disney",
    "program_assigned": "2Way Spanish",
    "sped_placement": null,
    "house": null,
    "counselor": null,
    "sped_liaison": null,
    "has_photo": true,
    "homeroom": {
      "id": 1,
      "name": "HEA 003",
      "educator": {
        "id": 2,
        "email": "vivian@demo.studentinsights.org",
        "full_name": "Teacher, Vivian"
      }
    },
    "school": {
      "id": 2,
      "school_type": "ESMS",
      "name": "Arthur D Healey",
      "local_id": "HEA",
      "slug": "hea"
    }
  },
  {
    "id": 11,
    "grade": "KF",
    "first_name": "Mowgli",
    "last_name": "White",
    "program_assigned": "2Way Spanish",
    "sped_placement": null,
    "house": null,
    "counselor": null,
    "sped_liaison": null,
    "has_photo": true,
    "homeroom": {
      "id": 1,
      "name": "HEA 003",
      "educator": {
        "id": 2,
        "email": "vivian@demo.studentinsights.org",
        "full_name": "Teacher, Vivian"
      }
    },
    "school": {
      "id": 2,
      "school_type": "ESMS",
      "name": "Arthur D Healey",
      "local_id": "HEA",
      "slug": "hea"
    }
  },
  {
    "id": 12,
    "grade": "KF",
    "first_name": "Mowgli",
    "last_name": "Duck",
    "program_assigned": "Sp Ed",
    "sped_placement": "Partial Inclusion",
    "house": null,
    "counselor": null,
    "sped_liaison": "MORENO",
    "has_photo": true,
    "homeroom": {
      "id": 1,
      "name": "HEA 003",
      "educator": {
        "id": 2,
        "email": "vivian@demo.studentinsights.org",
        "full_name": "Teacher, Vivian"
      }
    },
    "school": {
      "id": 2,
      "school_type": "ESMS",
      "name": "Arthur D Healey",
      "local_id": "HEA",
      "slug": "hea"
    }
  },
  {
    "id": 9,
    "grade": "KF",
    "first_name": "Snow",
    "last_name": "Pan",
    "program_assigned": "2Way Spanish",
    "sped_placement": null,
    "house": null,
    "counselor": null,
    "sped_liaison": null,
    "has_photo": true,
    "homeroom": {
      "id": 1,
      "name": "HEA 003",
      "educator": {
        "id": 2,
        "email": "vivian@demo.studentinsights.org",
        "full_name": "Teacher, Vivian"
      }
    },
    "school": {
      "id": 2,
      "school_type": "ESMS",
      "name": "Arthur D Healey",
      "local_id": "HEA",
      "slug": "hea"
    }
  },
  {
    "id": 13,
    "grade": "KF",
    "first_name": "Mowgli",
    "last_name": "Skywalker",
    "program_assigned": "2Way English",
    "sped_placement": null,
    "house": null,
    "counselor": null,
    "sped_liaison": null,
    "has_photo": true,
    "homeroom": {
      "id": 1,
      "name": "HEA 003",
      "educator": {
        "id": 2,
        "email": "vivian@demo.studentinsights.org",
        "full_name": "Teacher, Vivian"
      }
    },
    "school": {
      "id": 2,
      "school_type": "ESMS",
      "name": "Arthur D Healey",
      "local_id": "HEA",
      "slug": "hea"
    }
  }
]"
            >
              9
              : 
              Teacher, Vivian
            </a>
          </div>
        </td>
        <td
          style={
            {
              "border": "1px solid #eee",
              "overflow": "hidden",
              "padding": 5,
              "textAlign": "left",
              "verticalAlign": "top",
            }
          }
        >
          <div />
        </td>
      </tr>
      <tr>
        <td
          style={
            {
              "border": "1px solid #eee",
              "overflow": "hidden",
              "padding": 5,
              "textAlign": "left",
            }
          }
        >
          1
        </td>
        <td
          style={
            {
              "border": "1px solid #eee",
              "overflow": "hidden",
              "padding": 5,
              "textAlign": "left",
              "verticalAlign": "top",
            }
          }
        >
          <div />
        </td>
        <td
          style={
            {
              "border": "1px solid #eee",
              "overflow": "hidden",
              "padding": 5,
              "textAlign": "left",
              "verticalAlign": "top",
            }
          }
        >
          <div />
        </td>
        <td
          style={
            {
              "border": "1px solid #eee",
              "overflow": "hidden",
              "padding": 5,
              "textAlign": "left",
              "verticalAlign": "top",
            }
          }
        >
          <div />
        </td>
        <td
          style={
            {
              "border": "1px solid #eee",
              "overflow": "hidden",
              "padding": 5,
              "textAlign": "left",
              "verticalAlign": "top",
            }
          }
        >
          <div />
        </td>
      </tr>
      <tr>
        <td
          style={
            {
              "border": "1px solid #eee",
              "overflow": "hidden",
              "padding": 5,
              "textAlign": "left",
            }
          }
        >
          3
        </td>
        <td
          style={
            {
              "border": "1px solid #eee",
              "overflow": "hidden",
              "padding": 5,
              "textAlign": "left",
              "verticalAlign": "top",
            }
          }
        >
          <div />
        </td>
        <td
          style={
            {
              "border": "1px solid #eee",
              "overflow": "hidden",
              "padding": 5,
              "textAlign": "left",
              "verticalAlign": "top",
            }
          }
        >
          <div />
        </td>
        <td
          style={
            {
              "border": "1px solid #eee",
              "overflow": "hidden",
              "padding": 5,
              "textAlign": "left",
              "verticalAlign": "top",
            }
          }
        >
          <div />
        </td>
        <td
          style={
            {
              "border": "1px solid #eee",
              "overflow": "hidden",
              "padding": 5,
              "textAlign": "left",
              "verticalAlign": "top",
            }
          }
        >
          <div />
        </td>
      </tr>
      <tr>
        <td
          style={
            {
              "border": "1px solid #eee",
              "overflow": "hidden",
              "padding": 5,
              "textAlign": "left",
            }
          }
        >
          5
        </td>
        <td
          style={
            {
              "border": "1px solid #eee",
              "overflow": "hidden",
              "padding": 5,
              "textAlign": "left",
              "verticalAlign": "top",
            }
          }
        >
          <div>
            <a
              href="/homerooms/3"
              style={
                {
                  "display": "block",
                }
              }
              title="[
  {
    "id": 50,
    "grade": "5",
    "first_name": "Winnie",
    "last_name": "Pan",
    "program_assigned": "2Way Spanish",
    "sped_placement": null,
    "house": null,
    "counselor": null,
    "sped_liaison": null,
    "has_photo": true,
    "homeroom": {
      "id": 3,
      "name": "WSNS 501",
      "educator": {
        "id": 7,
        "email": "marcus@demo.studentinsights.org",
        "full_name": "Teacher, Marcus"
      }
    },
    "school": {
      "id": 1,
      "school_type": "ES",
      "name": "Benjamin G Brown",
      "local_id": "BRN",
      "slug": "brn"
    }
  }
]"
            >
              1
              : 
              Teacher, Marcus
            </a>
          </div>
        </td>
        <td
          style={
            {
              "border": "1px solid #eee",
              "overflow": "hidden",
              "padding": 5,
              "textAlign": "left",
              "verticalAlign": "top",
            }
          }
        >
          <div>
            <a
              href="/homerooms/3"
              style={
                {
                  "display": "block",
                }
              }
              title="[
  {
    "id": 46,
    "grade": "5",
    "first_name": "Winnie",
    "last_name": "White",
    "program_assigned": "Sp Ed",
    "sped_placement": "Partial Inclusion",
    "house": null,
    "counselor": null,
    "sped_liaison": "MILNER",
    "has_photo": true,
    "homeroom": {
      "id": 3,
      "name": "WSNS 501",
      "educator": {
        "id": 7,
        "email": "marcus@demo.studentinsights.org",
        "full_name": "Teacher, Marcus"
      }
    },
    "school": {
      "id": 6,
      "school_type": "ESMS",
      "name": "West Somerville Neighborhood",
      "local_id": "WSNS",
      "slug": "wsns"
    }
  },
  {
    "id": 47,
    "grade": "5",
    "first_name": "Aladdin",
    "last_name": "White",
    "program_assigned": "2Way English",
    "sped_placement": null,
    "house": null,
    "counselor": null,
    "sped_liaison": null,
    "has_photo": true,
    "homeroom": {
      "id": 3,
      "name": "WSNS 501",
      "educator": {
        "id": 7,
        "email": "marcus@demo.studentinsights.org",
        "full_name": "Teacher, Marcus"
      }
    },
    "school": {
      "id": 6,
      "school_type": "ESMS",
      "name": "West Somerville Neighborhood",
      "local_id": "WSNS",
      "slug": "wsns"
    }
  },
  {
    "id": 51,
    "grade": "5",
    "first_name": "Mowgli",
    "last_name": "Skywalker",
    "program_assigned": "Sp Ed",
    "sped_placement": "Private Separate",
    "house": null,
    "counselor": null,
    "sped_liaison": "MORENO",
    "has_photo": true,
    "homeroom": {
      "id": 3,
      "name": "WSNS 501",
      "educator": {
        "id": 7,
        "email": "marcus@demo.studentinsights.org",
        "full_name": "Teacher, Marcus"
      }
    },
    "school": {
      "id": 6,
      "school_type": "ESMS",
      "name": "West Somerville Neighborhood",
      "local_id": "WSNS",
      "slug": "wsns"
    }
  },
  {
    "id": 52,
    "grade": "5",
    "first_name": "Pocahontas",
    "last_name": "Skywalker",
    "program_assigned": "2Way Spanish",
    "sped_placement": null,
    "house": null,
    "counselor": null,
    "sped_liaison": null,
    "has_photo": true,
    "homeroom": {
      "id": 3,
      "name": "WSNS 501",
      "educator": {
        "id": 7,
        "email": "marcus@demo.studentinsights.org",
        "full_name": "Teacher, Marcus"
      }
    },
    "school": {
      "id": 6,
      "school_type": "ESMS",
      "name": "West Somerville Neighborhood",
      "local_id": "WSNS",
      "slug": "wsns"
    }
  },
  {
    "id": 49,
    "grade": "5",
    "first_name": "Pocahontas",
    "last_name": "Poppins",
    "program_assigned": "Sp Ed",
    "sped_placement": "Private Separate",
    "house": null,
    "counselor": null,
    "sped_liaison": "MILNER",
    "has_photo": true,
    "homeroom": {
      "id": 3,
      "name": "WSNS 501",
      "educator": {
        "id": 7,
        "email": "marcus@demo.studentinsights.org",
        "full_name": "Teacher, Marcus"
      }
    },
    "school": {
      "id": 6,
      "school_type": "ESMS",
      "name": "West Somerville Neighborhood",
      "local_id": "WSNS",
      "slug": "wsns"
    }
  }
]"
            >
              5
              : 
              Teacher, Marcus
            </a>
          </div>
        </td>
        <td
          style={
            {
              "border": "1px solid #eee",
              "overflow": "hidden",
              "padding": 5,
              "textAlign": "left",
              "verticalAlign": "top",
            }
          }
        >
          <div>
            <a
              href="/homerooms/2"
              style={
                {
                  "display": "block",
                }
              }
              title="[
  {
    "id": 15,
    "grade": "5",
    "first_name": "Daisy",
    "last_name": "Kenobi",
    "program_assigned": "Sp Ed",
    "sped_placement": "Private Separate",
    "house": null,
    "counselor": null,
    "sped_liaison": "MILNER",
    "has_photo": true,
    "homeroom": {
      "id": 2,
      "name": "HEA 500",
      "educator": {
        "id": 6,
        "email": "sarah@demo.studentinsights.org",
        "full_name": "Teacher, Sarah"
      }
    },
    "school": {
      "id": 2,
      "school_type": "ESMS",
      "name": "Arthur D Healey",
      "local_id": "HEA",
      "slug": "hea"
    }
  },
  {
    "id": 16,
    "grade": "5",
    "first_name": "Rapunzel",
    "last_name": "Kenobi",
    "program_assigned": "2Way Spanish",
    "sped_placement": null,
    "house": null,
    "counselor": null,
    "sped_liaison": null,
    "has_photo": true,
    "homeroom": {
      "id": 2,
      "name": "HEA 500",
      "educator": {
        "id": 6,
        "email": "sarah@demo.studentinsights.org",
        "full_name": "Teacher, Sarah"
      }
    },
    "school": {
      "id": 2,
      "school_type": "ESMS",
      "name": "Arthur D Healey",
      "local_id": "HEA",
      "slug": "hea"
    }
  },
  {
    "id": 18,
    "grade": "5",
    "first_name": "Daisy",
    "last_name": "Skywalker",
    "program_assigned": "Reg Ed",
    "sped_placement": null,
    "house": null,
    "counselor": null,
    "sped_liaison": null,
    "has_photo": true,
    "homeroom": {
      "id": 2,
      "name": "HEA 500",
      "educator": {
        "id": 6,
        "email": "sarah@demo.studentinsights.org",
        "full_name": "Teacher, Sarah"
      }
    },
    "school": {
      "id": 2,
      "school_type": "ESMS",
      "name": "Arthur D Healey",
      "local_id": "HEA",
      "slug": "hea"
    }
  },
  {
    "id": 19,
    "grade": "5",
    "first_name": "Daisy",
    "last_name": "Duck",
    "program_assigned": "2Way Spanish",
    "sped_placement": null,
    "house": null,
    "counselor": null,
    "sped_liaison": null,
    "has_photo": true,
    "homeroom": {
      "id": 2,
      "name": "HEA 500",
      "educator": {
        "id": 6,
        "email": "sarah@demo.studentinsights.org",
        "full_name": "Teacher, Sarah"
      }
    },
    "school": {
      "id": 2,
      "school_type": "ESMS",
      "name": "Arthur D Healey",
      "local_id": "HEA",
      "slug": "hea"
    }
  },
  {
    "id": 17,
    "grade": "5",
    "first_name": "Mickey",
    "last_name": "Disney",
    "program_assigned": "2Way English",
    "sped_placement": null,
    "house": null,
    "counselor": null,
    "sped_liaison": null,
    "has_photo": true,
    "homeroom": {
      "id": 2,
      "name": "HEA 500",
      "educator": {
        "id": 6,
        "email": "sarah@demo.studentinsights.org",
        "full_name": "Teacher, Sarah"
      }
    },
    "school": {
      "id": 2,
      "school_type": "ESMS",
      "name": "Arthur D Healey",
      "local_id": "HEA",
      "slug": "hea"
    }
  },
  {
    "id": 21,
    "grade": "5",
    "first_name": "Winnie",
    "last_name": "Skywalker",
    "program_assigned": "Reg Ed",
    "sped_placement": null,
    "house": null,
    "counselor": null,
    "sped_liaison": null,
    "has_photo": true,
    "homeroom": {
      "id": 2,
      "name": "HEA 500",
      "educator": {
        "id": 6,
        "email": "sarah@demo.studentinsights.org",
        "full_name": "Teacher, Sarah"
      }
    },
    "school": {
      "id": 2,
      "school_type": "ESMS",
      "name": "Arthur D Healey",
      "local_id": "HEA",
      "slug": "hea"
    }
  }
]"
            >
              6
              : 
              Teacher, Sarah
            </a>
          </div>
        </td>
        <td
          style={
            {
              "border": "1px solid #eee",
              "overflow": "hidden",
              "padding": 5,
              "textAlign": "left",
              "verticalAlign": "top",
            }
          }
        >
          <div />
        </td>
      </tr>
      <tr>
        <td
          style={
            {
              "border": "1px solid #eee",
              "overflow": "hidden",
              "padding": 5,
              "textAlign": "left",
            }
          }
        >
          8
        </td>
        <td
          style={
            {
              "border": "1px solid #eee",
              "overflow": "hidden",
              "padding": 5,
              "textAlign": "left",
              "verticalAlign": "top",
            }
          }
        >
          <div />
        </td>
        <td
          style={
            {
              "border": "1px solid #eee",
              "overflow": "hidden",
              "padding": 5,
              "textAlign": "left",
              "verticalAlign": "top",
            }
          }
        >
          <div />
        </td>
        <td
          style={
            {
              "border": "1px solid #eee",
              "overflow": "hidden",
              "padding": 5,
              "textAlign": "left",
              "verticalAlign": "top",
            }
          }
        >
          <div />
        </td>
        <td
          style={
            {
              "border": "1px solid #eee",
              "overflow": "hidden",
              "padding": 5,
              "textAlign": "left",
              "verticalAlign": "top",
            }
          }
        >
          <div />
        </td>
      </tr>
      <tr>
        <td
          style={
            {
              "border": "1px solid #eee",
              "overflow": "hidden",
              "padding": 5,
              "textAlign": "left",
            }
          }
        >
          9
        </td>
        <td
          style={
            {
              "border": "1px solid #eee",
              "overflow": "hidden",
              "padding": 5,
              "textAlign": "left",
              "verticalAlign": "top",
            }
          }
        >
          <div />
        </td>
        <td
          style={
            {
              "border": "1px solid #eee",
              "overflow": "hidden",
              "padding": 5,
              "textAlign": "left",
              "verticalAlign": "top",
            }
          }
        >
          <div />
        </td>
        <td
          style={
            {
              "border": "1px solid #eee",
              "overflow": "hidden",
              "padding": 5,
              "textAlign": "left",
              "verticalAlign": "top",
            }
          }
        >
          <div />
        </td>
        <td
          style={
            {
              "border": "1px solid #eee",
              "overflow": "hidden",
              "padding": 5,
              "textAlign": "left",
              "verticalAlign": "top",
            }
          }
        >
          <div>
            <a
              href="/homerooms/5"
              style={
                {
                  "display": "block",
                }
              }
              title="[
  {
    "id": 3,
    "grade": "9",
    "first_name": "Mari",
    "last_name": "Kenobi",
    "program_assigned": null,
    "sped_placement": null,
    "house": "Beacon",
    "counselor": "SOFIA",
    "sped_liaison": null,
    "has_photo": true,
    "homeroom": {
      "id": 5,
      "name": "SHS 942",
      "educator": {
        "id": 10,
        "email": "jodi@demo.studentinsights.org",
        "full_name": "Teacher, Jodi"
      }
    },
    "school": {
      "id": 9,
      "school_type": "HS",
      "name": "Somerville High",
      "local_id": "SHS",
      "slug": "shs"
    }
  },
  {
    "id": 4,
    "grade": "9",
    "first_name": "Amir",
    "last_name": "Solo",
    "program_assigned": null,
    "sped_placement": null,
    "house": "Broadway",
    "counselor": "FISHMAN",
    "sped_liaison": null,
    "has_photo": true,
    "homeroom": {
      "id": 5,
      "name": "SHS 942",
      "educator": {
        "id": 10,
        "email": "jodi@demo.studentinsights.org",
        "full_name": "Teacher, Jodi"
      }
    },
    "school": {
      "id": 9,
      "school_type": "HS",
      "name": "Somerville High",
      "local_id": "SHS",
      "slug": "shs"
    }
  },
  {
    "id": 30,
    "grade": "9",
    "first_name": "Aladdin",
    "last_name": "Poppins",
    "program_assigned": "2Way Spanish",
    "sped_placement": null,
    "house": "Beacon",
    "counselor": "WOODY",
    "sped_liaison": null,
    "has_photo": true,
    "homeroom": {
      "id": 5,
      "name": "SHS 942",
      "educator": {
        "id": 10,
        "email": "jodi@demo.studentinsights.org",
        "full_name": "Teacher, Jodi"
      }
    },
    "school": {
      "id": 9,
      "school_type": "HS",
      "name": "Somerville High",
      "local_id": "SHS",
      "slug": "shs"
    }
  },
  {
    "id": 32,
    "grade": "9",
    "first_name": "Pluto",
    "last_name": "Kenobi",
    "program_assigned": "Sp Ed",
    "sped_placement": "Private Separate",
    "house": "Highland",
    "counselor": "SOFIA",
    "sped_liaison": "CONCEPCION",
    "has_photo": true,
    "homeroom": {
      "id": 5,
      "name": "SHS 942",
      "educator": {
        "id": 10,
        "email": "jodi@demo.studentinsights.org",
        "full_name": "Teacher, Jodi"
      }
    },
    "school": {
      "id": 9,
      "school_type": "HS",
      "name": "Somerville High",
      "local_id": "SHS",
      "slug": "shs"
    }
  },
  {
    "id": 33,
    "grade": "9",
    "first_name": "Pocahontas",
    "last_name": "Kenobi",
    "program_assigned": "2Way Spanish",
    "sped_placement": null,
    "house": "Elm",
    "counselor": "SOFIA",
    "sped_liaison": null,
    "has_photo": true,
    "homeroom": {
      "id": 5,
      "name": "SHS 942",
      "educator": {
        "id": 10,
        "email": "jodi@demo.studentinsights.org",
        "full_name": "Teacher, Jodi"
      }
    },
    "school": {
      "id": 9,
      "school_type": "HS",
      "name": "Somerville High",
      "local_id": "SHS",
      "slug": "shs"
    }
  },
  {
    "id": 35,
    "grade": "9",
    "first_name": "Snow",
    "last_name": "Pan",
    "program_assigned": "2Way Spanish",
    "sped_placement": null,
    "house": "Beacon",
    "counselor": "SOFIA",
    "sped_liaison": null,
    "has_photo": true,
    "homeroom": {
      "id": 5,
      "name": "SHS 942",
      "educator": {
        "id": 10,
        "email": "jodi@demo.studentinsights.org",
        "full_name": "Teacher, Jodi"
      }
    },
    "school": {
      "id": 9,
      "school_type": "HS",
      "name": "Somerville High",
      "local_id": "SHS",
      "slug": "shs"
    }
  },
  {
    "id": 37,
    "grade": "9",
    "first_name": "Pluto",
    "last_name": "Mouse",
    "program_assigned": "2Way English",
    "sped_placement": null,
    "house": "Highland",
    "counselor": "WOODY",
    "sped_liaison": null,
    "has_photo": true,
    "homeroom": {
      "id": 5,
      "name": "SHS 942",
      "educator": {
        "id": 10,
        "email": "jodi@demo.studentinsights.org",
        "full_name": "Teacher, Jodi"
      }
    },
    "school": {
      "id": 9,
      "school_type": "HS",
      "name": "Somerville High",
      "local_id": "SHS",
      "slug": "shs"
    }
  },
  {
    "id": 34,
    "grade": "9",
    "first_name": "Pluto",
    "last_name": "Pan",
    "program_assigned": "Reg Ed",
    "sped_placement": null,
    "house": "Broadway",
    "counselor": "BUZZ",
    "sped_liaison": null,
    "has_photo": true,
    "homeroom": {
      "id": 5,
      "name": "SHS 942",
      "educator": {
        "id": 10,
        "email": "jodi@demo.studentinsights.org",
        "full_name": "Teacher, Jodi"
      }
    },
    "school": {
      "id": 9,
      "school_type": "HS",
      "name": "Somerville High",
      "local_id": "SHS",
      "slug": "shs"
    }
  }
]"
            >
              8
              : 
              Teacher, Jodi
            </a>
            <a
              href="/homerooms/6"
              style={
                {
                  "display": "block",
                }
              }
              title="[
  {
    "id": 22,
    "grade": "9",
    "first_name": "Olaf",
    "last_name": "Poppins",
    "program_assigned": "2Way English",
    "sped_placement": null,
    "house": "Highland",
    "counselor": "SOFIA",
    "sped_liaison": null,
    "has_photo": true,
    "homeroom": {
      "id": 6,
      "name": "SHS 917",
      "educator": {
        "id": 12,
        "email": "bill@demo.studentinsights.org",
        "full_name": "Teacher, Bill"
      }
    },
    "school": {
      "id": 9,
      "school_type": "HS",
      "name": "Somerville High",
      "local_id": "SHS",
      "slug": "shs"
    }
  },
  {
    "id": 23,
    "grade": "9",
    "first_name": "Minnie",
    "last_name": "White",
    "program_assigned": "2Way English",
    "sped_placement": null,
    "house": "Beacon",
    "counselor": "SOFIA",
    "sped_liaison": null,
    "has_photo": true,
    "homeroom": {
      "id": 6,
      "name": "SHS 917",
      "educator": {
        "id": 12,
        "email": "bill@demo.studentinsights.org",
        "full_name": "Teacher, Bill"
      }
    },
    "school": {
      "id": 9,
      "school_type": "HS",
      "name": "Somerville High",
      "local_id": "SHS",
      "slug": "shs"
    }
  },
  {
    "id": 25,
    "grade": "9",
    "first_name": "Pocahontas",
    "last_name": "Disney",
    "program_assigned": "2Way English",
    "sped_placement": null,
    "house": "Broadway",
    "counselor": "WOODY",
    "sped_liaison": null,
    "has_photo": true,
    "homeroom": {
      "id": 6,
      "name": "SHS 917",
      "educator": {
        "id": 12,
        "email": "bill@demo.studentinsights.org",
        "full_name": "Teacher, Bill"
      }
    },
    "school": {
      "id": 9,
      "school_type": "HS",
      "name": "Somerville High",
      "local_id": "SHS",
      "slug": "shs"
    }
  },
  {
    "id": 26,
    "grade": "9",
    "first_name": "Daisy",
    "last_name": "White",
    "program_assigned": "2Way English",
    "sped_placement": null,
    "house": "Highland",
    "counselor": "SOFIA",
    "sped_liaison": null,
    "has_photo": true,
    "homeroom": {
      "id": 6,
      "name": "SHS 917",
      "educator": {
        "id": 12,
        "email": "bill@demo.studentinsights.org",
        "full_name": "Teacher, Bill"
      }
    },
    "school": {
      "id": 9,
      "school_type": "HS",
      "name": "Somerville High",
      "local_id": "SHS",
      "slug": "shs"
    }
  },
  {
    "id": 27,
    "grade": "9",
    "first_name": "Elsa",
    "last_name": "White",
    "program_assigned": "2Way Spanish",
    "sped_placement": null,
    "house": "Highland",
    "counselor": "SOFIA",
    "sped_liaison": null,
    "has_photo": true,
    "homeroom": {
      "id": 6,
      "name": "SHS 917",
      "educator": {
        "id": 12,
        "email": "bill@demo.studentinsights.org",
        "full_name": "Teacher, Bill"
      }
    },
    "school": {
      "id": 9,
      "school_type": "HS",
      "name": "Somerville High",
      "local_id": "SHS",
      "slug": "shs"
    }
  },
  {
    "id": 29,
    "grade": "9",
    "first_name": "Snow",
    "last_name": "Duck",
    "program_assigned": "2Way English",
    "sped_placement": null,
    "house": "Highland",
    "counselor": "BUZZ",
    "sped_liaison": null,
    "has_photo": true,
    "homeroom": {
      "id": 6,
      "name": "SHS 917",
      "educator": {
        "id": 12,
        "email": "bill@demo.studentinsights.org",
        "full_name": "Teacher, Bill"
      }
    },
    "school": {
      "id": 9,
      "school_type": "HS",
      "name": "Somerville High",
      "local_id": "SHS",
      "slug": "shs"
    }
  },
  {
    "id": 24,
    "grade": "9",
    "first_name": "Snow",
    "last_name": "Skywalker",
    "program_assigned": "2Way English",
    "sped_placement": null,
    "house": "Elm",
    "counselor": "WOODY",
    "sped_liaison": null,
    "has_photo": true,
    "homeroom": {
      "id": 6,
      "name": "SHS 917",
      "educator": {
        "id": 12,
        "email": "bill@demo.studentinsights.org",
        "full_name": "Teacher, Bill"
      }
    },
    "school": {
      "id": 9,
      "school_type": "HS",
      "name": "Somerville High",
      "local_id": "SHS",
      "slug": "shs"
    }
  },
  {
    "id": 28,
    "grade": "9",
    "first_name": "Aladdin",
    "last_name": "Skywalker",
    "program_assigned": "Sp Ed",
    "sped_placement": "Full Inclusion",
    "house": "Broadway",
    "counselor": "WOODY",
    "sped_liaison": "MORENO",
    "has_photo": true,
    "homeroom": {
      "id": 6,
      "name": "SHS 917",
      "educator": {
        "id": 12,
        "email": "bill@demo.studentinsights.org",
        "full_name": "Teacher, Bill"
      }
    },
    "school": {
      "id": 9,
      "school_type": "HS",
      "name": "Somerville High",
      "local_id": "SHS",
      "slug": "shs"
    }
  }
]"
            >
              8
              : 
              Teacher, Bill
            </a>
          </div>
        </td>
      </tr>
      <tr>
        <td
          style={
            {
              "border": "1px solid #eee",
              "overflow": "hidden",
              "padding": 5,
              "textAlign": "left",
            }
          }
        >
          10
        </td>
        <td
          style={
            {
              "border": "1px solid #eee",
              "overflow": "hidden",
              "padding": 5,
              "textAlign": "left",
              "verticalAlign": "top",
            }
          }
        >
          <div />
        </td>
        <td
          style={
            {
              "border": "1px solid #eee",
              "overflow": "hidden",
              "padding": 5,
              "textAlign": "left",
              "verticalAlign": "top",
            }
          }
        >
          <div />
        </td>
        <td
          style={
            {
              "border": "1px solid #eee",
              "overflow": "hidden",
              "padding": 5,
              "textAlign": "left",
              "verticalAlign": "top",
            }
          }
        >
          <div />
        </td>
        <td
          style={
            {
              "border": "1px solid #eee",
              "overflow": "hidden",
              "padding": 5,
              "textAlign": "left",
              "verticalAlign": "top",
            }
          }
        >
          <div>
            <a
              href="/homerooms/4"
              style={
                {
                  "display": "block",
                }
              }
              title="[
  {
    "id": 38,
    "grade": "10",
    "first_name": "Snow",
    "last_name": "Pan",
    "program_assigned": "Reg Ed",
    "sped_placement": null,
    "house": "Highland",
    "counselor": "BUZZ",
    "sped_liaison": null,
    "has_photo": true,
    "homeroom": {
      "id": 4,
      "name": "SHS ALL"
    },
    "school": {
      "id": 9,
      "school_type": "HS",
      "name": "Somerville High",
      "local_id": "SHS",
      "slug": "shs"
    }
  },
  {
    "id": 39,
    "grade": "10",
    "first_name": "Winnie",
    "last_name": "Duck",
    "program_assigned": "2Way Spanish",
    "sped_placement": null,
    "house": "Beacon",
    "counselor": "SOFIA",
    "sped_liaison": null,
    "has_photo": true,
    "homeroom": {
      "id": 4,
      "name": "SHS ALL"
    },
    "school": {
      "id": 9,
      "school_type": "HS",
      "name": "Somerville High",
      "local_id": "SHS",
      "slug": "shs"
    }
  },
  {
    "id": 41,
    "grade": "10",
    "first_name": "Mowgli",
    "last_name": "Kenobi",
    "program_assigned": "2Way Spanish",
    "sped_placement": null,
    "house": "Beacon",
    "counselor": "SOFIA",
    "sped_liaison": null,
    "has_photo": true,
    "homeroom": {
      "id": 4,
      "name": "SHS ALL"
    },
    "school": {
      "id": 9,
      "school_type": "HS",
      "name": "Somerville High",
      "local_id": "SHS",
      "slug": "shs"
    }
  },
  {
    "id": 42,
    "grade": "10",
    "first_name": "Pocahontas",
    "last_name": "Duck",
    "program_assigned": "2Way English",
    "sped_placement": null,
    "house": "Broadway",
    "counselor": "BUZZ",
    "sped_liaison": null,
    "has_photo": true,
    "homeroom": {
      "id": 4,
      "name": "SHS ALL"
    },
    "school": {
      "id": 9,
      "school_type": "HS",
      "name": "Somerville High",
      "local_id": "SHS",
      "slug": "shs"
    }
  },
  {
    "id": 45,
    "grade": "10",
    "first_name": "Winnie",
    "last_name": "White",
    "program_assigned": "2Way Spanish",
    "sped_placement": null,
    "house": "Beacon",
    "counselor": "WOODY",
    "sped_liaison": null,
    "has_photo": true,
    "homeroom": {
      "id": 4,
      "name": "SHS ALL"
    },
    "school": {
      "id": 9,
      "school_type": "HS",
      "name": "Somerville High",
      "local_id": "SHS",
      "slug": "shs"
    }
  },
  {
    "id": 63,
    "grade": "10",
    "first_name": "Elsa",
    "last_name": "Mouse",
    "program_assigned": "Reg Ed",
    "sped_placement": null,
    "house": "Elm",
    "counselor": "WOODY",
    "sped_liaison": null,
    "has_photo": true,
    "homeroom": {
      "id": 4,
      "name": "SHS ALL"
    },
    "school": {
      "id": 9,
      "school_type": "HS",
      "name": "Somerville High",
      "local_id": "SHS",
      "slug": "shs"
    }
  },
  {
    "id": 65,
    "grade": "10",
    "first_name": "Mickey",
    "last_name": "Mouse",
    "program_assigned": "2Way English",
    "sped_placement": null,
    "house": "Elm",
    "counselor": "SOFIA",
    "sped_liaison": null,
    "has_photo": true,
    "homeroom": {
      "id": 4,
      "name": "SHS ALL"
    },
    "school": {
      "id": 9,
      "school_type": "HS",
      "name": "Somerville High",
      "local_id": "SHS",
      "slug": "shs"
    }
  },
  {
    "id": 66,
    "grade": "10",
    "first_name": "Chip",
    "last_name": "White",
    "program_assigned": "2Way Spanish",
    "sped_placement": null,
    "house": "Elm",
    "counselor": "BUZZ",
    "sped_liaison": null,
    "has_photo": true,
    "homeroom": {
      "id": 4,
      "name": "SHS ALL"
    },
    "school": {
      "id": 9,
      "school_type": "HS",
      "name": "Somerville High",
      "local_id": "SHS",
      "slug": "shs"
    }
  },
  {
    "id": 68,
    "grade": "10",
    "first_name": "Mowgli",
    "last_name": "Poppins",
    "program_assigned": "Reg Ed",
    "sped_placement": null,
    "house": "Highland",
    "counselor": "BUZZ",
    "sped_liaison": null,
    "has_photo": true,
    "homeroom": {
      "id": 4,
      "name": "SHS ALL"
    },
    "school": {
      "id": 9,
      "school_type": "HS",
      "name": "Somerville High",
      "local_id": "SHS",
      "slug": "shs"
    }
  },
  {
    "id": 69,
    "grade": "10",
    "first_name": "Minnie",
    "last_name": "Duck",
    "program_assigned": "2Way Spanish",
    "sped_placement": null,
    "house": "Highland",
    "counselor": "SOFIA",
    "sped_liaison": null,
    "has_photo": true,
    "homeroom": {
      "id": 4,
      "name": "SHS ALL"
    },
    "school": {
      "id": 9,
      "school_type": "HS",
      "name": "Somerville High",
      "local_id": "SHS",
      "slug": "shs"
    }
  },
  {
    "id": 85,
    "grade": "10",
    "first_name": "Pluto",
    "last_name": "White",
    "program_assigned": "Sp Ed",
    "sped_placement": "Private Separate",
    "house": "Elm",
    "counselor": "WOODY",
    "sped_liaison": "MILNER",
    "has_photo": true,
    "homeroom": {
      "id": 4,
      "name": "SHS ALL"
    },
    "school": {
      "id": 9,
      "school_type": "HS",
      "name": "Somerville High",
      "local_id": "SHS",
      "slug": "shs"
    }
  },
  {
    "id": 88,
    "grade": "10",
    "first_name": "Aladdin",
    "last_name": "Skywalker",
    "program_assigned": "Reg Ed",
    "sped_placement": null,
    "house": "Broadway",
    "counselor": "WOODY",
    "sped_liaison": null,
    "has_photo": true,
    "homeroom": {
      "id": 4,
      "name": "SHS ALL"
    },
    "school": {
      "id": 9,
      "school_type": "HS",
      "name": "Somerville High",
      "local_id": "SHS",
      "slug": "shs"
    }
  },
  {
    "id": 89,
    "grade": "10",
    "first_name": "Daisy",
    "last_name": "Poppins",
    "program_assigned": "2Way Spanish",
    "sped_placement": null,
    "house": "Highland",
    "counselor": "WOODY",
    "sped_liaison": null,
    "has_photo": true,
    "homeroom": {
      "id": 4,
      "name": "SHS ALL"
    },
    "school": {
      "id": 9,
      "school_type": "HS",
      "name": "Somerville High",
      "local_id": "SHS",
      "slug": "shs"
    }
  },
  {
    "id": 71,
    "grade": "10",
    "first_name": "Elsa",
    "last_name": "Skywalker",
    "program_assigned": "2Way Spanish",
    "sped_placement": null,
    "house": "Highland",
    "counselor": "BUZZ",
    "sped_liaison": null,
    "has_photo": true,
    "homeroom": {
      "id": 4,
      "name": "SHS ALL"
    },
    "school": {
      "id": 9,
      "school_type": "HS",
      "name": "Somerville High",
      "local_id": "SHS",
      "slug": "shs"
    }
  },
  {
    "id": 73,
    "grade": "10",
    "first_name": "Rapunzel",
    "last_name": "Duck",
    "program_assigned": "Reg Ed",
    "sped_placement": null,
    "house": "Highland",
    "counselor": "WOODY",
    "sped_liaison": null,
    "has_photo": true,
    "homeroom": {
      "id": 4,
      "name": "SHS ALL"
    },
    "school": {
      "id": 9,
      "school_type": "HS",
      "name": "Somerville High",
      "local_id": "SHS",
      "slug": "shs"
    }
  },
  {
    "id": 74,
    "grade": "10",
    "first_name": "Aladdin",
    "last_name": "Duck",
    "program_assigned": "2Way Spanish",
    "sped_placement": null,
    "house": "Highland",
    "counselor": "WOODY",
    "sped_liaison": null,
    "has_photo": true,
    "homeroom": {
      "id": 4,
      "name": "SHS ALL"
    },
    "school": {
      "id": 9,
      "school_type": "HS",
      "name": "Somerville High",
      "local_id": "SHS",
      "slug": "shs"
    }
  },
  {
    "id": 76,
    "grade": "10",
    "first_name": "Elsa",
    "last_name": "Mouse",
    "program_assigned": "2Way Spanish",
    "sped_placement": null,
    "house": "Highland",
    "counselor": "BUZZ",
    "sped_liaison": null,
    "has_photo": true,
    "homeroom": {
      "id": 4,
      "name": "SHS ALL"
    },
    "school": {
      "id": 9,
      "school_type": "HS",
      "name": "Somerville High",
      "local_id": "SHS",
      "slug": "shs"
    }
  },
  {
    "id": 77,
    "grade": "10",
    "first_name": "Snow",
    "last_name": "White",
    "program_assigned": "2Way Spanish",
    "sped_placement": null,
    "house": "Elm",
    "counselor": "SOFIA",
    "sped_liaison": null,
    "has_photo": true,
    "homeroom": {
      "id": 4,
      "name": "SHS ALL"
    },
    "school": {
      "id": 9,
      "school_type": "HS",
      "name": "Somerville High",
      "local_id": "SHS",
      "slug": "shs"
    }
  },
  {
    "id": 78,
    "grade": "10",
    "first_name": "Chip",
    "last_name": "White",
    "program_assigned": "Sp Ed",
    "sped_placement": "Full Inclusion",
    "house": "Highland",
    "counselor": "SOFIA",
    "sped_liaison": "MILNER",
    "has_photo": true,
    "homeroom": {
      "id": 4,
      "name": "SHS ALL"
    },
    "school": {
      "id": 9,
      "school_type": "HS",
      "name": "Somerville High",
      "local_id": "SHS",
      "slug": "shs"
    }
  },
  {
    "id": 79,
    "grade": "10",
    "first_name": "Daisy",
    "last_name": "Disney",
    "program_assigned": "2Way English",
    "sped_placement": null,
    "house": "Highland",
    "counselor": "WOODY",
    "sped_liaison": null,
    "has_photo": true,
    "homeroom": {
      "id": 4,
      "name": "SHS ALL"
    },
    "school": {
      "id": 9,
      "school_type": "HS",
      "name": "Somerville High",
      "local_id": "SHS",
      "slug": "shs"
    }
  },
  {
    "id": 82,
    "grade": "10",
    "first_name": "Snow",
    "last_name": "Pan",
    "program_assigned": "2Way Spanish",
    "sped_placement": null,
    "house": "Broadway",
    "counselor": "WOODY",
    "sped_liaison": null,
    "has_photo": true,
    "homeroom": {
      "id": 4,
      "name": "SHS ALL"
    },
    "school": {
      "id": 9,
      "school_type": "HS",
      "name": "Somerville High",
      "local_id": "SHS",
      "slug": "shs"
    }
  },
  {
    "id": 83,
    "grade": "10",
    "first_name": "Pocahontas",
    "last_name": "Pan",
    "program_assigned": "2Way English",
    "sped_placement": null,
    "house": "Elm",
    "counselor": "WOODY",
    "sped_liaison": null,
    "has_photo": true,
    "homeroom": {
      "id": 4,
      "name": "SHS ALL"
    },
    "school": {
      "id": 9,
      "school_type": "HS",
      "name": "Somerville High",
      "local_id": "SHS",
      "slug": "shs"
    }
  },
  {
    "id": 86,
    "grade": "10",
    "first_name": "Winnie",
    "last_name": "Pan",
    "program_assigned": "Reg Ed",
    "sped_placement": null,
    "house": "Elm",
    "counselor": "WOODY",
    "sped_liaison": null,
    "has_photo": true,
    "homeroom": {
      "id": 4,
      "name": "SHS ALL"
    },
    "school": {
      "id": 9,
      "school_type": "HS",
      "name": "Somerville High",
      "local_id": "SHS",
      "slug": "shs"
    }
  },
  {
    "id": 87,
    "grade": "10",
    "first_name": "Minnie",
    "last_name": "Kenobi",
    "program_assigned": "2Way English",
    "sped_placement": null,
    "house": "Elm",
    "counselor": "SOFIA",
    "sped_liaison": null,
    "has_photo": true,
    "homeroom": {
      "id": 4,
      "name": "SHS ALL"
    },
    "school": {
      "id": 9,
      "school_type": "HS",
      "name": "Somerville High",
      "local_id": "SHS",
      "slug": "shs"
    }
  },
  {
    "id": 91,
    "grade": "10",
    "first_name": "Donald",
    "last_name": "Poppins",
    "program_assigned": "Sp Ed",
    "sped_placement": "Private Separate",
    "house": "Elm",
    "counselor": "SOFIA",
    "sped_liaison": "MILNER",
    "has_photo": true,
    "homeroom": {
      "id": 4,
      "name": "SHS ALL"
    },
    "school": {
      "id": 9,
      "school_type": "HS",
      "name": "Somerville High",
      "local_id": "SHS",
      "slug": "shs"
    }
  },
  {
    "id": 92,
    "grade": "10",
    "first_name": "Snow",
    "last_name": "White",
    "program_assigned": "Sp Ed",
    "sped_placement": "Partial Inclusion",
    "house": "Broadway",
    "counselor": "SOFIA",
    "sped_liaison": "MILNER",
    "has_photo": true,
    "homeroom": {
      "id": 4,
      "name": "SHS ALL"
    },
    "school": {
      "id": 9,
      "school_type": "HS",
      "name": "Somerville High",
      "local_id": "SHS",
      "slug": "shs"
    }
  },
  {
    "id": 93,
    "grade": "10",
    "first_name": "Rapunzel",
    "last_name": "Pan",
    "program_assigned": "Sp Ed",
    "sped_placement": "Partial Inclusion",
    "house": "Elm",
    "counselor": "BUZZ",
    "sped_liaison": "MILNER",
    "has_photo": true,
    "homeroom": {
      "id": 4,
      "name": "SHS ALL"
    },
    "school": {
      "id": 9,
      "school_type": "HS",
      "name": "Somerville High",
      "local_id": "SHS",
      "slug": "shs"
    }
  },
  {
    "id": 94,
    "grade": "10",
    "first_name": "Aladdin",
    "last_name": "Disney",
    "program_assigned": "2Way Spanish",
    "sped_placement": null,
    "house": "Broadway",
    "counselor": "BUZZ",
    "sped_liaison": null,
    "has_photo": true,
    "homeroom": {
      "id": 4,
      "name": "SHS ALL"
    },
    "school": {
      "id": 9,
      "school_type": "HS",
      "name": "Somerville High",
      "local_id": "SHS",
      "slug": "shs"
    }
  },
  {
    "id": 97,
    "grade": "10",
    "first_name": "Aladdin",
    "last_name": "Kenobi",
    "program_assigned": "2Way Spanish",
    "sped_placement": null,
    "house": "Highland",
    "counselor": "SOFIA",
    "sped_liaison": null,
    "has_photo": true,
    "homeroom": {
      "id": 4,
      "name": "SHS ALL"
    },
    "school": {
      "id": 9,
      "school_type": "HS",
      "name": "Somerville High",
      "local_id": "SHS",
      "slug": "shs"
    }
  },
  {
    "id": 98,
    "grade": "10",
    "first_name": "Olaf",
    "last_name": "Poppins",
    "program_assigned": "2Way English",
    "sped_placement": null,
    "house": "Elm",
    "counselor": "SOFIA",
    "sped_liaison": null,
    "has_photo": true,
    "homeroom": {
      "id": 4,
      "name": "SHS ALL"
    },
    "school": {
      "id": 9,
      "school_type": "HS",
      "name": "Somerville High",
      "local_id": "SHS",
      "slug": "shs"
    }
  },
  {
    "id": 100,
    "grade": "10",
    "first_name": "Mowgli",
    "last_name": "Mouse",
    "program_assigned": "2Way Spanish",
    "sped_placement": null,
    "house": "Highland",
    "counselor": "SOFIA",
    "sped_liaison": null,
    "has_photo": true,
    "homeroom": {
      "id": 4,
      "name": "SHS ALL"
    },
    "school": {
      "id": 9,
      "school_type": "HS",
      "name": "Somerville High",
      "local_id": "SHS",
      "slug": "shs"
    }
  },
  {
    "id": 104,
    "grade": "10",
    "first_name": "Daisy",
    "last_name": "Disney",
    "program_assigned": "Sp Ed",
    "sped_placement": "Private Separate",
    "house": "Elm",
    "counselor": "SOFIA",
    "sped_liaison": "MORENO",
    "has_photo": true,
    "homeroom": {
      "id": 4,
      "name": "SHS ALL"
    },
    "school": {
      "id": 9,
      "school_type": "HS",
      "name": "Somerville High",
      "local_id": "SHS",
      "slug": "shs"
    }
  },
  {
    "id": 40,
    "grade": "10",
    "first_name": "Rapunzel",
    "last_name": "White",
    "program_assigned": "2Way Spanish",
    "sped_placement": null,
    "house": "Elm",
    "counselor": "WOODY",
    "sped_liaison": null,
    "has_photo": true,
    "homeroom": {
      "id": 4,
      "name": "SHS ALL"
    },
    "school": {
      "id": 9,
      "school_type": "HS",
      "name": "Somerville High",
      "local_id": "SHS",
      "slug": "shs"
    }
  },
  {
    "id": 44,
    "grade": "10",
    "first_name": "Daisy",
    "last_name": "Poppins",
    "program_assigned": "Sp Ed",
    "sped_placement": "Full Inclusion",
    "house": "Elm",
    "counselor": "WOODY",
    "sped_liaison": "MORENO",
    "has_photo": true,
    "homeroom": {
      "id": 4,
      "name": "SHS ALL"
    },
    "school": {
      "id": 9,
      "school_type": "HS",
      "name": "Somerville High",
      "local_id": "SHS",
      "slug": "shs"
    }
  },
  {
    "id": 102,
    "grade": "10",
    "first_name": "Elsa",
    "last_name": "Duck",
    "program_assigned": "2Way Spanish",
    "sped_placement": null,
    "house": "Elm",
    "counselor": "BUZZ",
    "sped_liaison": null,
    "has_photo": true,
    "homeroom": {
      "id": 4,
      "name": "SHS ALL"
    },
    "school": {
      "id": 9,
      "school_type": "HS",
      "name": "Somerville High",
      "local_id": "SHS",
      "slug": "shs"
    }
  },
  {
    "id": 103,
    "grade": "10",
    "first_name": "Snow",
    "last_name": "Poppins",
    "program_assigned": "Sp Ed",
    "sped_placement": "Full Inclusion",
    "house": "Elm",
    "counselor": "SOFIA",
    "sped_liaison": "MILNER",
    "has_photo": true,
    "homeroom": {
      "id": 4,
      "name": "SHS ALL"
    },
    "school": {
      "id": 9,
      "school_type": "HS",
      "name": "Somerville High",
      "local_id": "SHS",
      "slug": "shs"
    }
  },
  {
    "id": 105,
    "grade": "10",
    "first_name": "Daisy",
    "last_name": "Disney",
    "program_assigned": "2Way Spanish",
    "sped_placement": null,
    "house": "Elm",
    "counselor": "WOODY",
    "sped_liaison": null,
    "has_photo": true,
    "homeroom": {
      "id": 4,
      "name": "SHS ALL"
    },
    "school": {
      "id": 9,
      "school_type": "HS",
      "name": "Somerville High",
      "local_id": "SHS",
      "slug": "shs"
    }
  },
  {
    "id": 107,
    "grade": "10",
    "first_name": "Mowgli",
    "last_name": "Pan",
    "program_assigned": "2Way English",
    "sped_placement": null,
    "house": "Beacon",
    "counselor": "SOFIA",
    "sped_liaison": null,
    "has_photo": true,
    "homeroom": {
      "id": 4,
      "name": "SHS ALL"
    },
    "school": {
      "id": 9,
      "school_type": "HS",
      "name": "Somerville High",
      "local_id": "SHS",
      "slug": "shs"
    }
  },
  {
    "id": 108,
    "grade": "10",
    "first_name": "Pocahontas",
    "last_name": "Kenobi",
    "program_assigned": "2Way English",
    "sped_placement": null,
    "house": "Broadway",
    "counselor": "WOODY",
    "sped_liaison": null,
    "has_photo": true,
    "homeroom": {
      "id": 4,
      "name": "SHS ALL"
    },
    "school": {
      "id": 9,
      "school_type": "HS",
      "name": "Somerville High",
      "local_id": "SHS",
      "slug": "shs"
    }
  },
  {
    "id": 109,
    "grade": "10",
    "first_name": "Pluto",
    "last_name": "White",
    "program_assigned": "2Way English",
    "sped_placement": null,
    "house": "Broadway",
    "counselor": "SOFIA",
    "sped_liaison": null,
    "has_photo": true,
    "homeroom": {
      "id": 4,
      "name": "SHS ALL"
    },
    "school": {
      "id": 9,
      "school_type": "HS",
      "name": "Somerville High",
      "local_id": "SHS",
      "slug": "shs"
    }
  },
  {
    "id": 111,
    "grade": "10",
    "first_name": "Pluto",
    "last_name": "Mouse",
    "program_assigned": "Reg Ed",
    "sped_placement": null,
    "house": "Beacon",
    "counselor": "SOFIA",
    "sped_liaison": null,
    "has_photo": true,
    "homeroom": {
      "id": 4,
      "name": "SHS ALL"
    },
    "school": {
      "id": 9,
      "school_type": "HS",
      "name": "Somerville High",
      "local_id": "SHS",
      "slug": "shs"
    }
  },
  {
    "id": 112,
    "grade": "10",
    "first_name": "Rapunzel",
    "last_name": "Poppins",
    "program_assigned": "Reg Ed",
    "sped_placement": null,
    "house": "Highland",
    "counselor": "SOFIA",
    "sped_liaison": null,
    "has_photo": true,
    "homeroom": {
      "id": 4,
      "name": "SHS ALL"
    },
    "school": {
      "id": 9,
      "school_type": "HS",
      "name": "Somerville High",
      "local_id": "SHS",
      "slug": "shs"
    }
  },
  {
    "id": 113,
    "grade": "10",
    "first_name": "Olaf",
    "last_name": "Kenobi",
    "program_assigned": "2Way Spanish",
    "sped_placement": null,
    "house": "Elm",
    "counselor": "SOFIA",
    "sped_liaison": null,
    "has_photo": true,
    "homeroom": {
      "id": 4,
      "name": "SHS ALL"
    },
    "school": {
      "id": 9,
      "school_type": "HS",
      "name": "Somerville High",
      "local_id": "SHS",
      "slug": "shs"
    }
  },
  {
    "id": 114,
    "grade": "10",
    "first_name": "Rapunzel",
    "last_name": "White",
    "program_assigned": "2Way Spanish",
    "sped_placement": null,
    "house": "Beacon",
    "counselor": "SOFIA",
    "sped_liaison": null,
    "has_photo": true,
    "homeroom": {
      "id": 4,
      "name": "SHS ALL"
    },
    "school": {
      "id": 9,
      "school_type": "HS",
      "name": "Somerville High",
      "local_id": "SHS",
      "slug": "shs"
    }
  },
  {
    "id": 116,
    "grade": "10",
    "first_name": "Snow",
    "last_name": "Pan",
    "program_assigned": "Reg Ed",
    "sped_placement": null,
    "house": "Highland",
    "counselor": "SOFIA",
    "sped_liaison": null,
    "has_photo": true,
    "homeroom": {
      "id": 4,
      "name": "SHS ALL"
    },
    "school": {
      "id": 9,
      "school_type": "HS",
      "name": "Somerville High",
      "local_id": "SHS",
      "slug": "shs"
    }
  },
  {
    "id": 64,
    "grade": "10",
    "first_name": "Mickey",
    "last_name": "Duck",
    "program_assigned": "2Way Spanish",
    "sped_placement": null,
    "house": "Broadway",
    "counselor": "SOFIA",
    "sped_liaison": null,
    "has_photo": true,
    "homeroom": {
      "id": 4,
      "name": "SHS ALL"
    },
    "school": {
      "id": 9,
      "school_type": "HS",
      "name": "Somerville High",
      "local_id": "SHS",
      "slug": "shs"
    }
  },
  {
    "id": 67,
    "grade": "10",
    "first_name": "Pluto",
    "last_name": "Disney",
    "program_assigned": "2Way Spanish",
    "sped_placement": null,
    "house": "Elm",
    "counselor": "SOFIA",
    "sped_liaison": null,
    "has_photo": true,
    "homeroom": {
      "id": 4,
      "name": "SHS ALL"
    },
    "school": {
      "id": 9,
      "school_type": "HS",
      "name": "Somerville High",
      "local_id": "SHS",
      "slug": "shs"
    }
  },
  {
    "id": 70,
    "grade": "10",
    "first_name": "Chip",
    "last_name": "Poppins",
    "program_assigned": "Sp Ed",
    "sped_placement": "Partial Inclusion",
    "house": "Elm",
    "counselor": "WOODY",
    "sped_liaison": "MILNER",
    "has_photo": true,
    "homeroom": {
      "id": 4,
      "name": "SHS ALL"
    },
    "school": {
      "id": 9,
      "school_type": "HS",
      "name": "Somerville High",
      "local_id": "SHS",
      "slug": "shs"
    }
  },
  {
    "id": 75,
    "grade": "10",
    "first_name": "Minnie",
    "last_name": "Skywalker",
    "program_assigned": "Reg Ed",
    "sped_placement": null,
    "house": "Beacon",
    "counselor": "WOODY",
    "sped_liaison": null,
    "has_photo": true,
    "homeroom": {
      "id": 4,
      "name": "SHS ALL"
    },
    "school": {
      "id": 9,
      "school_type": "HS",
      "name": "Somerville High",
      "local_id": "SHS",
      "slug": "shs"
    }
  },
  {
    "id": 84,
    "grade": "10",
    "first_name": "Snow",
    "last_name": "Poppins",
    "program_assigned": "2Way Spanish",
    "sped_placement": null,
    "house": "Broadway",
    "counselor": "WOODY",
    "sped_liaison": null,
    "has_photo": true,
    "homeroom": {
      "id": 4,
      "name": "SHS ALL"
    },
    "school": {
      "id": 9,
      "school_type": "HS",
      "name": "Somerville High",
      "local_id": "SHS",
      "slug": "shs"
    }
  },
  {
    "id": 90,
    "grade": "10",
    "first_name": "Olaf",
    "last_name": "Skywalker",
    "program_assigned": "Sp Ed",
    "sped_placement": "Full Inclusion",
    "house": "Broadway",
    "counselor": "SOFIA",
    "sped_liaison": "MILNER",
    "has_photo": true,
    "homeroom": {
      "id": 4,
      "name": "SHS ALL"
    },
    "school": {
      "id": 9,
      "school_type": "HS",
      "name": "Somerville High",
      "local_id": "SHS",
      "slug": "shs"
    }
  },
  {
    "id": 95,
    "grade": "10",
    "first_name": "Elsa",
    "last_name": "Disney",
    "program_assigned": "Reg Ed",
    "sped_placement": null,
    "house": "Highland",
    "counselor": "SOFIA",
    "sped_liaison": null,
    "has_photo": true,
    "homeroom": {
      "id": 4,
      "name": "SHS ALL"
    },
    "school": {
      "id": 9,
      "school_type": "HS",
      "name": "Somerville High",
      "local_id": "SHS",
      "slug": "shs"
    }
  },
  {
    "id": 99,
    "grade": "10",
    "first_name": "Mowgli",
    "last_name": "Kenobi",
    "program_assigned": "Reg Ed",
    "sped_placement": null,
    "house": "Highland",
    "counselor": "WOODY",
    "sped_liaison": null,
    "has_photo": true,
    "homeroom": {
      "id": 4,
      "name": "SHS ALL"
    },
    "school": {
      "id": 9,
      "school_type": "HS",
      "name": "Somerville High",
      "local_id": "SHS",
      "slug": "shs"
    }
  },
  {
    "id": 101,
    "grade": "10",
    "first_name": "Minnie",
    "last_name": "White",
    "program_assigned": "2Way Spanish",
    "sped_placement": null,
    "house": "Beacon",
    "counselor": "BUZZ",
    "sped_liaison": null,
    "has_photo": true,
    "homeroom": {
      "id": 4,
      "name": "SHS ALL"
    },
    "school": {
      "id": 9,
      "school_type": "HS",
      "name": "Somerville High",
      "local_id": "SHS",
      "slug": "shs"
    }
  },
  {
    "id": 106,
    "grade": "10",
    "first_name": "Aladdin",
    "last_name": "Pan",
    "program_assigned": "Reg Ed",
    "sped_placement": null,
    "house": "Broadway",
    "counselor": "WOODY",
    "sped_liaison": null,
    "has_photo": true,
    "homeroom": {
      "id": 4,
      "name": "SHS ALL"
    },
    "school": {
      "id": 9,
      "school_type": "HS",
      "name": "Somerville High",
      "local_id": "SHS",
      "slug": "shs"
    }
  },
  {
    "id": 110,
    "grade": "10",
    "first_name": "Daisy",
    "last_name": "Poppins",
    "program_assigned": "Sp Ed",
    "sped_placement": "Partial Inclusion",
    "house": "Elm",
    "counselor": "SOFIA",
    "sped_liaison": "MILNER",
    "has_photo": true,
    "homeroom": {
      "id": 4,
      "name": "SHS ALL"
    },
    "school": {
      "id": 9,
      "school_type": "HS",
      "name": "Somerville High",
      "local_id": "SHS",
      "slug": "shs"
    }
  },
  {
    "id": 115,
    "grade": "10",
    "first_name": "Chip",
    "last_name": "Poppins",
    "program_assigned": "Reg Ed",
    "sped_placement": null,
    "house": "Highland",
    "counselor": "SOFIA",
    "sped_liaison": null,
    "has_photo": true,
    "homeroom": {
      "id": 4,
      "name": "SHS ALL"
    },
    "school": {
      "id": 9,
      "school_type": "HS",
      "name": "Somerville High",
      "local_id": "SHS",
      "slug": "shs"
    }
  }
]"
            >
              57
              : 
              SHS ALL
            </a>
          </div>
        </td>
      </tr>
      <tr>
        <td
          style={
            {
              "border": "1px solid #eee",
              "overflow": "hidden",
              "padding": 5,
              "textAlign": "left",
            }
          }
        >
          12
        </td>
        <td
          style={
            {
              "border": "1px solid #eee",
              "overflow": "hidden",
              "padding": 5,
              "textAlign": "left",
              "verticalAlign": "top",
            }
          }
        >
          <div />
        </td>
        <td
          style={
            {
              "border": "1px solid #eee",
              "overflow": "hidden",
              "padding": 5,
              "textAlign": "left",
              "verticalAlign": "top",
            }
          }
        >
          <div />
        </td>
        <td
          style={
            {
              "border": "1px solid #eee",
              "overflow": "hidden",
              "padding": 5,
              "textAlign": "left",
              "verticalAlign": "top",
            }
          }
        >
          <div />
        </td>
        <td
          style={
            {
              "border": "1px solid #eee",
              "overflow": "hidden",
              "padding": 5,
              "textAlign": "left",
              "verticalAlign": "top",
            }
          }
        >
          <div />
        </td>
      </tr>
    </tbody>
  </table>
</div>
`;
