// Jest Snapshot v1, https://goo.gl/fbAQLP

exports[`snapshots 1`] = `
<div>
  <div
    style={
      Object {
        "display": "flex",
        "flexDirection": "row",
        "fontSize": 12,
      }
    }
  >
    <div
      style={
        Object {
          "flex": 1,
          "paddingRight": 20,
        }
      }
    >
      <div
        style={
          Object {
            "display": "flex",
            "flexDirection": "row",
          }
        }
      >
        <div
          style={
            Object {
              "alignItems": "center",
              "background": "rgb(147, 196, 125)",
              "color": "#366525",
              "cursor": "default",
              "display": "flex",
              "flex": 1,
              "height": 40,
              "justifyContent": "center",
              "outline": "1px solid #649350",
            }
          }
          title="AA"
        >
          fall
        </div>
        <div
          style={
            Object {
              "alignItems": "center",
              "background": "orange",
              "color": "#904a00",
              "cursor": "default",
              "display": "flex",
              "flex": 1,
              "height": 40,
              "justifyContent": "center",
              "outline": "1px solid #c67600",
            }
          }
          title="B"
        >
          winter
        </div>
        <div
          style={
            Object {
              "alignItems": "center",
              "background": "rgb(147, 196, 125)",
              "color": "#366525",
              "cursor": "default",
              "display": "flex",
              "flex": 1,
              "height": 40,
              "justifyContent": "center",
              "outline": "1px solid #649350",
            }
          }
          title="E"
        >
          spring
        </div>
      </div>
      <div
        style={
          Object {
            "marginTop": 5,
          }
        }
      >
        Kindergarten
        , 
        2018
      </div>
    </div>
    <div
      style={
        Object {
          "flex": 1,
          "paddingRight": 20,
        }
      }
    >
      <div
        style={
          Object {
            "display": "flex",
            "flexDirection": "row",
          }
        }
      >
        <div
          style={
            Object {
              "alignItems": "center",
              "background": "#ccc",
              "color": "#6d6d6d",
              "cursor": "default",
              "display": "flex",
              "flex": 1,
              "height": 40,
              "justifyContent": "center",
              "outline": "1px solid #9b9b9b",
            }
          }
          title="F"
        >
          fall
        </div>
        <div
          style={
            Object {
              "alignItems": "center",
              "background": "rgb(147, 196, 125)",
              "color": "#366525",
              "cursor": "default",
              "display": "flex",
              "flex": 1,
              "height": 40,
              "justifyContent": "center",
              "outline": "1px solid #649350",
            }
          }
          title="L"
        >
          winter
        </div>
        <div
          style={
            Object {
              "alignItems": "center",
              "background": "#f8f8f8",
              "color": "#959595",
              "cursor": "default",
              "display": "flex",
              "flex": 1,
              "height": 40,
              "justifyContent": "center",
              "outline": "1px solid #c5c5c5",
            }
          }
          title={null}
        >
          spring
        </div>
      </div>
      <div
        style={
          Object {
            "marginTop": 5,
          }
        }
      >
        1st grade
        , 
        2019
      </div>
    </div>
  </div>
</div>
`;
